../Core/Src/stm32l4xx_it.c:74:6:NMI_Handler	4	static
../Core/Src/stm32l4xx_it.c:89:6:HardFault_Handler	4	static
../Core/Src/stm32l4xx_it.c:104:6:MemManage_Handler	4	static
../Core/Src/stm32l4xx_it.c:119:6:BusFault_Handler	4	static
../Core/Src/stm32l4xx_it.c:134:6:UsageFault_Handler	4	static
../Core/Src/stm32l4xx_it.c:149:6:DebugMon_Handler	4	static
../Core/Src/stm32l4xx_it.c:169:6:EXTI9_5_IRQHandler	24	static,ignoring_inline_asm
../Core/Src/stm32l4xx_it.c:204:6:TIM1_UP_TIM16_IRQHandler	8	static
