../Core/Src/LORA/RFM9x.c:26:6:RFM9x_Init	16	static
../Core/Src/LORA/RFM9x.c:94:6:RFM9x_Send	24	static
../Core/Src/LORA/RFM9x.c:124:6:waitPacketSent	4	static
../Core/Src/LORA/RFM9x.c:128:6:setModeIdle	8	static
../Core/Src/LORA/RFM9x.c:149:6:RFM9x_Receive	40	static
../Core/Src/LORA/RFM9x.c:197:6:RFM9x_SetMode_Receive	8	static
../Core/Src/LORA/RFM9x.c:205:9:RFM9x_GetMode	16	static
../Core/Src/LORA/RFM9x.c:211:6:RFM9x_ClearInt	8	static
../Core/Src/LORA/RFM9x.c:217:9:RFM9x_ReadReg	48	static
../Core/Src/LORA/RFM9x.c:255:6:RFM9x_WriteReg	24	static
../Core/Src/LORA/RFM9x.c:287:6:Delay_ms	24	static
../Core/Src/LORA/RFM9x.c:303:6:RF_TestSpi	16	static
../Core/Src/LORA/RFM9x.c:321:6:print1	80	static
../Core/Src/LORA/RFM9x.c:326:6:print	80	static
