../Middlewares/Third_Party/TraceRecorder/trcStreamingRecorder.c:139:13:xTraceInitialize	16	static
../Middlewares/Third_Party/TraceRecorder/trcStreamingRecorder.c:272:13:prvVerifySizeAlignment	16	static
../Middlewares/Third_Party/TraceRecorder/trcStreamingRecorder.c:277:13:xTraceHeaderInitialize	24	static
../Middlewares/Third_Party/TraceRecorder/trcStreamingRecorder.c:349:13:xTraceEnable	32	static
../Middlewares/Third_Party/TraceRecorder/trcStreamingRecorder.c:411:13:xTraceDisable	8	static
../Middlewares/Third_Party/TraceRecorder/trcStreamingRecorder.c:434:13:xTraceGetEventBuffer	16	static
../Middlewares/Third_Party/TraceRecorder/trcStreamingRecorder.c:448:13:xTraceTzCtrl	24	static
../Middlewares/Third_Party/TraceRecorder/trcStreamingRecorder.c:492:6:vTraceSetFilterGroup	16	static
../Middlewares/Third_Party/TraceRecorder/trcStreamingRecorder.c:497:6:vTraceSetFilterMask	16	static
../Middlewares/Third_Party/TraceRecorder/trcStreamingRecorder.c:506:32:prvIs64bit	4	static
../Middlewares/Third_Party/TraceRecorder/trcStreamingRecorder.c:512:13:prvSetRecorderEnabled	32	static,ignoring_inline_asm
../Middlewares/Third_Party/TraceRecorder/trcStreamingRecorder.c:557:13:prvSetRecorderDisabled	24	static,ignoring_inline_asm
../Middlewares/Third_Party/TraceRecorder/trcStreamingRecorder.c:620:13:prvTraceStoreStartEvent	24	static
../Middlewares/Third_Party/TraceRecorder/trcStreamingRecorder.c:636:16:prvIsValidCommand	24	static
../Middlewares/Third_Party/TraceRecorder/trcStreamingRecorder.c:664:13:prvProcessCommand	16	static
