Archive member included to satisfy reference by file (symbol)

C:/ST/STM32CubeIDE_1.13.2/STM32CubeIDE/plugins/com.st.stm32cube.ide.mcu.externaltools.gnu-tools-for-stm32.12.3.rel1.win32_1.0.100.202403111256/tools/bin/../lib/gcc/arm-none-eabi/12.3.1/../../../../arm-none-eabi/lib/thumb/v7e-m+fp/hard\libc_nano.a(libc_a-exit.o)
                              C:/ST/STM32CubeIDE_1.13.2/STM32CubeIDE/plugins/com.st.stm32cube.ide.mcu.externaltools.gnu-tools-for-stm32.12.3.rel1.win32_1.0.100.202403111256/tools/bin/../lib/gcc/arm-none-eabi/12.3.1/../../../../arm-none-eabi/lib/thumb/v7e-m+fp/hard/crt0.o (exit)
C:/ST/STM32CubeIDE_1.13.2/STM32CubeIDE/plugins/com.st.stm32cube.ide.mcu.externaltools.gnu-tools-for-stm32.12.3.rel1.win32_1.0.100.202403111256/tools/bin/../lib/gcc/arm-none-eabi/12.3.1/../../../../arm-none-eabi/lib/thumb/v7e-m+fp/hard\libc_nano.a(libc_a-malloc.o)
                              ./Core/Src/GNSS/GNSSCom.o (malloc)
C:/ST/STM32CubeIDE_1.13.2/STM32CubeIDE/plugins/com.st.stm32cube.ide.mcu.externaltools.gnu-tools-for-stm32.12.3.rel1.win32_1.0.100.202403111256/tools/bin/../lib/gcc/arm-none-eabi/12.3.1/../../../../arm-none-eabi/lib/thumb/v7e-m+fp/hard\libc_nano.a(libc_a-mallocr.o)
                              C:/ST/STM32CubeIDE_1.13.2/STM32CubeIDE/plugins/com.st.stm32cube.ide.mcu.externaltools.gnu-tools-for-stm32.12.3.rel1.win32_1.0.100.202403111256/tools/bin/../lib/gcc/arm-none-eabi/12.3.1/../../../../arm-none-eabi/lib/thumb/v7e-m+fp/hard\libc_nano.a(libc_a-malloc.o) (_malloc_r)
C:/ST/STM32CubeIDE_1.13.2/STM32CubeIDE/plugins/com.st.stm32cube.ide.mcu.externaltools.gnu-tools-for-stm32.12.3.rel1.win32_1.0.100.202403111256/tools/bin/../lib/gcc/arm-none-eabi/12.3.1/../../../../arm-none-eabi/lib/thumb/v7e-m+fp/hard\libc_nano.a(libc_a-mlock.o)
                              C:/ST/STM32CubeIDE_1.13.2/STM32CubeIDE/plugins/com.st.stm32cube.ide.mcu.externaltools.gnu-tools-for-stm32.12.3.rel1.win32_1.0.100.202403111256/tools/bin/../lib/gcc/arm-none-eabi/12.3.1/../../../../arm-none-eabi/lib/thumb/v7e-m+fp/hard\libc_nano.a(libc_a-mallocr.o) (__malloc_lock)
C:/ST/STM32CubeIDE_1.13.2/STM32CubeIDE/plugins/com.st.stm32cube.ide.mcu.externaltools.gnu-tools-for-stm32.12.3.rel1.win32_1.0.100.202403111256/tools/bin/../lib/gcc/arm-none-eabi/12.3.1/../../../../arm-none-eabi/lib/thumb/v7e-m+fp/hard\libc_nano.a(libc_a-findfp.o)
                              ./Middlewares/Third_Party/FreeRTOS/Source/tasks.o (__sf)
C:/ST/STM32CubeIDE_1.13.2/STM32CubeIDE/plugins/com.st.stm32cube.ide.mcu.externaltools.gnu-tools-for-stm32.12.3.rel1.win32_1.0.100.202403111256/tools/bin/../lib/gcc/arm-none-eabi/12.3.1/../../../../arm-none-eabi/lib/thumb/v7e-m+fp/hard\libc_nano.a(libc_a-fwalk.o)
                              C:/ST/STM32CubeIDE_1.13.2/STM32CubeIDE/plugins/com.st.stm32cube.ide.mcu.externaltools.gnu-tools-for-stm32.12.3.rel1.win32_1.0.100.202403111256/tools/bin/../lib/gcc/arm-none-eabi/12.3.1/../../../../arm-none-eabi/lib/thumb/v7e-m+fp/hard\libc_nano.a(libc_a-findfp.o) (_fwalk_sglue)
C:/ST/STM32CubeIDE_1.13.2/STM32CubeIDE/plugins/com.st.stm32cube.ide.mcu.externaltools.gnu-tools-for-stm32.12.3.rel1.win32_1.0.100.202403111256/tools/bin/../lib/gcc/arm-none-eabi/12.3.1/../../../../arm-none-eabi/lib/thumb/v7e-m+fp/hard\libc_nano.a(libc_a-snprintf.o)
                              ./Core/Src/GNSS/traductor.o (snprintf)
C:/ST/STM32CubeIDE_1.13.2/STM32CubeIDE/plugins/com.st.stm32cube.ide.mcu.externaltools.gnu-tools-for-stm32.12.3.rel1.win32_1.0.100.202403111256/tools/bin/../lib/gcc/arm-none-eabi/12.3.1/../../../../arm-none-eabi/lib/thumb/v7e-m+fp/hard\libc_nano.a(libc_a-sprintf.o)
                              ./Core/Src/GNSS/GNSSCom.o (sprintf)
C:/ST/STM32CubeIDE_1.13.2/STM32CubeIDE/plugins/com.st.stm32cube.ide.mcu.externaltools.gnu-tools-for-stm32.12.3.rel1.win32_1.0.100.202403111256/tools/bin/../lib/gcc/arm-none-eabi/12.3.1/../../../../arm-none-eabi/lib/thumb/v7e-m+fp/hard\libc_nano.a(libc_a-stdio.o)
                              C:/ST/STM32CubeIDE_1.13.2/STM32CubeIDE/plugins/com.st.stm32cube.ide.mcu.externaltools.gnu-tools-for-stm32.12.3.rel1.win32_1.0.100.202403111256/tools/bin/../lib/gcc/arm-none-eabi/12.3.1/../../../../arm-none-eabi/lib/thumb/v7e-m+fp/hard\libc_nano.a(libc_a-findfp.o) (__sread)
C:/ST/STM32CubeIDE_1.13.2/STM32CubeIDE/plugins/com.st.stm32cube.ide.mcu.externaltools.gnu-tools-for-stm32.12.3.rel1.win32_1.0.100.202403111256/tools/bin/../lib/gcc/arm-none-eabi/12.3.1/../../../../arm-none-eabi/lib/thumb/v7e-m+fp/hard\libc_nano.a(libc_a-memset.o)
                              C:/ST/STM32CubeIDE_1.13.2/STM32CubeIDE/plugins/com.st.stm32cube.ide.mcu.externaltools.gnu-tools-for-stm32.12.3.rel1.win32_1.0.100.202403111256/tools/bin/../lib/gcc/arm-none-eabi/12.3.1/../../../../arm-none-eabi/lib/thumb/v7e-m+fp/hard/crt0.o (memset)
[...]
Memory Configuration

Name             Origin             Length             Attributes
RAM              0x20000000         0x00050000         xrw
RAM2             0x10000000         0x00010000         xrw
FLASH            0x08000000         0x00100000         xr
*default*        0x00000000         0xffffffff

Linker script and memory map

LOAD C:/ST/STM32CubeIDE_1.13.2/STM32CubeIDE/plugins/com.st.stm32cube.ide.mcu.externaltools.gnu-tools-for-stm32.12.3.rel1.win32_1.0.100.202403111256/tools/bin/../lib/gcc/arm-none-eabi/12.3.1/thumb/v7e-m+fp/hard/crti.o
LOAD C:/ST/STM32CubeIDE_1.13.2/STM32CubeIDE/plugins/com.st.stm32cube.ide.mcu.externaltools.gnu-tools-for-stm32.12.3.rel1.win32_1.0.100.202403111256/tools/bin/../lib/gcc/arm-none-eabi/12.3.1/thumb/v7e-m+fp/hard/crtbegin.o
LOAD C:/ST/STM32CubeIDE_1.13.2/STM32CubeIDE/plugins/com.st.stm32cube.ide.mcu.externaltools.gnu-tools-for-stm32.12.3.rel1.win32_1.0.100.202403111256/tools/bin/../lib/gcc/arm-none-eabi/12.3.1/../../../../arm-none-eabi/lib/thumb/v7e-m+fp/hard/crt0.o
LOAD ./Core/Src/GNSS/GNSSCom.o
LOAD ./Core/Src/GNSS/UBXParser.o
LOAD ./Core/Src/GNSS/traductor.o
LOAD ./Core/Src/LORA/LORACom.o
LOAD ./Core/Src/LORA/RFM9x.o
LOAD ./Core/Src/RTOS_subfunctions/commandToGNSS.o
LOAD ./Core/Src/RTOS_subfunctions/debug.o
LOAD ./Core/Src/RTOS_subfunctions/fakeuseSD.o
LOAD ./Core/Src/RTOS_subfunctions/matcher.o
LOAD ./Core/Src/RTOS_subfunctions/receivedLora.o
LOAD ./Core/Src/RTOS_subfunctions/uartbyteToGnssMessage.o
LOAD ./Core/Src/dac.o
LOAD ./Core/Src/dma.o
LOAD ./Core/Src/freertos.o
LOAD ./Core/Src/gpio.o
LOAD ./Core/Src/main.o
LOAD ./Core/Src/spi.o
LOAD ./Core/Src/stm32l4xx_hal_msp.o
LOAD ./Core/Src/stm32l4xx_hal_timebase_tim.o
LOAD ./Core/Src/stm32l4xx_it.o
LOAD ./Core/Src/syscalls.o
LOAD ./Core/Src/sysmem.o
LOAD ./Core/Src/system_stm32l4xx.o
LOAD ./Core/Src/usart.o
LOAD ./Core/Src/usb_otg.o
LOAD ./Core/Startup/startup_stm32l496vgtx.o
LOAD ./Drivers/STM32L4xx_HAL_Driver/Src/stm32l4xx_hal.o
LOAD ./Drivers/STM32L4xx_HAL_Driver/Src/stm32l4xx_hal_cortex.o
LOAD ./Drivers/STM32L4xx_HAL_Driver/Src/stm32l4xx_hal_dac.o
LOAD ./Drivers/STM32L4xx_HAL_Driver/Src/stm32l4xx_hal_dac_ex.o
LOAD ./Drivers/STM32L4xx_HAL_Driver/Src/stm32l4xx_hal_dma.o
LOAD ./Drivers/STM32L4xx_HAL_Driver/Src/stm32l4xx_hal_dma_ex.o
LOAD ./Drivers/STM32L4xx_HAL_Driver/Src/stm32l4xx_hal_exti.o
LOAD ./Drivers/STM32L4xx_HAL_Driver/Src/stm32l4xx_hal_flash.o
LOAD ./Drivers/STM32L4xx_HAL_Driver/Src/stm32l4xx_hal_flash_ex.o
LOAD ./Drivers/STM32L4xx_HAL_Driver/Src/stm32l4xx_hal_flash_ramfunc.o
LOAD ./Drivers/STM32L4xx_HAL_Driver/Src/stm32l4xx_hal_gpio.o
LOAD ./Drivers/STM32L4xx_HAL_Driver/Src/stm32l4xx_hal_i2c.o
LOAD ./Drivers/STM32L4xx_HAL_Driver/Src/stm32l4xx_hal_i2c_ex.o
LOAD ./Drivers/STM32L4xx_HAL_Driver/Src/stm32l4xx_hal_pcd.o
LOAD ./Drivers/STM32L4xx_HAL_Driver/Src/stm32l4xx_hal_pcd_ex.o
LOAD ./Drivers/STM32L4xx_HAL_Driver/Src/stm32l4xx_hal_pwr.o
LOAD ./Drivers/STM32L4xx_HAL_Driver/Src/stm32l4xx_hal_pwr_ex.o
LOAD ./Drivers/STM32L4xx_HAL_Driver/Src/stm32l4xx_hal_rcc.o
LOAD ./Drivers/STM32L4xx_HAL_Driver/Src/stm32l4xx_hal_rcc_ex.o
LOAD ./Drivers/STM32L4xx_HAL_Driver/Src/stm32l4xx_hal_spi.o
LOAD ./Drivers/STM32L4xx_HAL_Driver/Src/stm32l4xx_hal_spi_ex.o
LOAD ./Drivers/STM32L4xx_HAL_Driver/Src/stm32l4xx_hal_tim.o
LOAD ./Drivers/STM32L4xx_HAL_Driver/Src/stm32l4xx_hal_tim_ex.o
LOAD ./Drivers/STM32L4xx_HAL_Driver/Src/stm32l4xx_hal_uart.o
LOAD ./Drivers/STM32L4xx_HAL_Driver/Src/stm32l4xx_hal_uart_ex.o
LOAD ./Drivers/STM32L4xx_HAL_Driver/Src/stm32l4xx_ll_usb.o
LOAD ./Middlewares/Third_Party/FreeRTOS/Source/CMSIS_RTOS/cmsis_os.o
LOAD ./Middlewares/Third_Party/FreeRTOS/Source/croutine.o
LOAD ./Middlewares/Third_Party/FreeRTOS/Source/event_groups.o
LOAD ./Middlewares/Third_Party/FreeRTOS/Source/list.o
LOAD ./Middlewares/Third_Party/FreeRTOS/Source/queue.o
LOAD ./Middlewares/Third_Party/FreeRTOS/Source/stream_buffer.o
LOAD ./Middlewares/Third_Party/FreeRTOS/Source/tasks.o
LOAD ./Middlewares/Third_Party/FreeRTOS/Source/timers.o
LOAD ./Middlewares/Third_Party/FreeRTOS/Source/portable/GCC/ARM_CM4F/port.o
LOAD ./Middlewares/Third_Party/FreeRTOS/Source/portable/MemMang/heap_4.o
LOAD ./Middlewares/Third_Party/TraceRecorder/streamports/RingBuffer/trcStreamPort.o
LOAD ./Middlewares/Third_Party/TraceRecorder/trcAssert.o
LOAD ./Middlewares/Third_Party/TraceRecorder/trcCounter.o
LOAD ./Middlewares/Third_Party/TraceRecorder/trcDependency.o
LOAD ./Middlewares/Third_Party/TraceRecorder/trcDiagnostics.o
LOAD ./Middlewares/Third_Party/TraceRecorder/trcEntryTable.o
LOAD ./Middlewares/Third_Party/TraceRecorder/trcError.o
LOAD ./Middlewares/Third_Party/TraceRecorder/trcEvent.o
LOAD ./Middlewares/Third_Party/TraceRecorder/trcEventBuffer.o
LOAD ./Middlewares/Third_Party/TraceRecorder/trcExtension.o
LOAD ./Middlewares/Third_Party/TraceRecorder/trcHardwarePort.o
LOAD ./Middlewares/Third_Party/TraceRecorder/trcHeap.o
LOAD ./Middlewares/Third_Party/TraceRecorder/trcISR.o
LOAD ./Middlewares/Third_Party/TraceRecorder/trcInternalEventBuffer.o
LOAD ./Middlewares/Third_Party/TraceRecorder/trcInterval.o
LOAD ./Middlewares/Third_Party/TraceRecorder/trcKernelPort.o
LOAD ./Middlewares/Third_Party/TraceRecorder/trcMultiCoreEventBuffer.o
LOAD ./Middlewares/Third_Party/TraceRecorder/trcObject.o
LOAD ./Middlewares/Third_Party/TraceRecorder/trcPrint.o
LOAD ./Middlewares/Third_Party/TraceRecorder/trcRunnable.o
LOAD ./Middlewares/Third_Party/TraceRecorder/trcSnapshotRecorder.o
LOAD ./Middlewares/Third_Party/TraceRecorder/trcStackMonitor.o
LOAD ./Middlewares/Third_Party/TraceRecorder/trcStateMachine.o
LOAD ./Middlewares/Third_Party/TraceRecorder/trcStaticBuffer.o
LOAD ./Middlewares/Third_Party/TraceRecorder/trcStreamingRecorder.o
LOAD ./Middlewares/Third_Party/TraceRecorder/trcString.o
LOAD ./Middlewares/Third_Party/TraceRecorder/trcTask.o
LOAD ./Middlewares/Third_Party/TraceRecorder/trcTimestamp.o
START GROUP
LOAD C:/ST/STM32CubeIDE_1.13.2/STM32CubeIDE/plugins/com.st.stm32cube.ide.mcu.externaltools.gnu-tools-for-stm32.12.3.rel1.win32_1.0.100.202403111256/tools/bin/../lib/gcc/arm-none-eabi/12.3.1/../../../../arm-none-eabi/lib/thumb/v7e-m+fp/hard\libstdc++_nano.a
LOAD C:/ST/STM32CubeIDE_1.13.2/STM32CubeIDE/plugins/com.st.stm32cube.ide.mcu.externaltools.gnu-tools-for-stm32.12.3.rel1.win32_1.0.100.202403111256/tools/bin/../lib/gcc/arm-none-eabi/12.3.1/../../../../arm-none-eabi/lib/thumb/v7e-m+fp/hard\libsupc++_nano.a
END GROUP
LOAD C:/ST/STM32CubeIDE_1.13.2/STM32CubeIDE/plugins/com.st.stm32cube.ide.mcu.externaltools.gnu-tools-for-stm32.12.3.rel1.win32_1.0.100.202403111256/tools/bin/../lib/gcc/arm-none-eabi/12.3.1/../../../../arm-none-eabi/lib/thumb/v7e-m+fp/hard\libstdc++_nano.a
LOAD C:/ST/STM32CubeIDE_1.13.2/STM32CubeIDE/plugins/com.st.stm32cube.ide.mcu.externaltools.gnu-tools-for-stm32.12.3.rel1.win32_1.0.100.202403111256/tools/bin/../lib/gcc/arm-none-eabi/12.3.1/../../../../arm-none-eabi/lib/thumb/v7e-m+fp/hard\libm.a
LOAD C:/ST/STM32CubeIDE_1.13.2/STM32CubeIDE/plugins/com.st.stm32cube.ide.mcu.externaltools.gnu-tools-for-stm32.12.3.rel1.win32_1.0.100.202403111256/tools/bin/../lib/gcc/arm-none-eabi/12.3.1/../../../../arm-none-eabi/lib/thumb/v7e-m+fp/hard\libc_nano.a
START GROUP
LOAD C:/ST/STM32CubeIDE_1.13.2/STM32CubeIDE/plugins/com.st.stm32cube.ide.mcu.externaltools.gnu-tools-for-stm32.12.3.rel1.win32_1.0.100.202403111256/tools/bin/../lib/gcc/arm-none-eabi/12.3.1/thumb/v7e-m+fp/hard\libgcc.a
LOAD C:/ST/STM32CubeIDE_1.13.2/STM32CubeIDE/plugins/com.st.stm32cube.ide.mcu.externaltools.gnu-tools-for-stm32.12.3.rel1.win32_1.0.100.202403111256/tools/bin/../lib/gcc/arm-none-eabi/12.3.1/../../../../arm-none-eabi/lib/thumb/v7e-m+fp/hard\libc_nano.a
END GROUP
START GROUP
LOAD C:/ST/STM32CubeIDE_1.13.2/STM32CubeIDE/plugins/com.st.stm32cube.ide.mcu.externaltools.gnu-tools-for-stm32.12.3.rel1.win32_1.0.100.202403111256/tools/bin/../lib/gcc/arm-none-eabi/12.3.1/thumb/v7e-m+fp/hard\libgcc.a
LOAD C:/ST/STM32CubeIDE_1.13.2/STM32CubeIDE/plugins/com.st.stm32cube.ide.mcu.externaltools.gnu-tools-for-stm32.12.3.rel1.win32_1.0.100.202403111256/tools/bin/../lib/gcc/arm-none-eabi/12.3.1/../../../../arm-none-eabi/lib/thumb/v7e-m+fp/hard\libc_nano.a
LOAD C:/ST/STM32CubeIDE_1.13.2/STM32CubeIDE/plugins/com.st.stm32cube.ide.mcu.externaltools.gnu-tools-for-stm32.12.3.rel1.win32_1.0.100.202403111256/tools/bin/../lib/gcc/arm-none-eabi/12.3.1/../../../../arm-none-eabi/lib/thumb/v7e-m+fp/hard\libnosys.a
END GROUP
START GROUP
LOAD C:/ST/STM32CubeIDE_1.13.2/STM32CubeIDE/plugins/com.st.stm32cube.ide.mcu.externaltools.gnu-tools-for-stm32.12.3.rel1.win32_1.0.100.202403111256/tools/bin/../lib/gcc/arm-none-eabi/12.3.1/thumb/v7e-m+fp/hard\libgcc.a
LOAD C:/ST/STM32CubeIDE_1.13.2/STM32CubeIDE/plugins/com.st.stm32cube.ide.mcu.externaltools.gnu-tools-for-stm32.12.3.rel1.win32_1.0.100.202403111256/tools/bin/../lib/gcc/arm-none-eabi/12.3.1/../../../../arm-none-eabi/lib/thumb/v7e-m+fp/hard\libc_nano.a
LOAD C:/ST/STM32CubeIDE_1.13.2/STM32CubeIDE/plugins/com.st.stm32cube.ide.mcu.externaltools.gnu-tools-for-stm32.12.3.rel1.win32_1.0.100.202403111256/tools/bin/../lib/gcc/arm-none-eabi/12.3.1/../../../../arm-none-eabi/lib/thumb/v7e-m+fp/hard\libnosys.a
END GROUP
LOAD C:/ST/STM32CubeIDE_1.13.2/STM32CubeIDE/plugins/com.st.stm32cube.ide.mcu.externaltools.gnu-tools-for-stm32.12.3.rel1.win32_1.0.100.202403111256/tools/bin/../lib/gcc/arm-none-eabi/12.3.1/thumb/v7e-m+fp/hard/crtend.o
LOAD C:/ST/STM32CubeIDE_1.13.2/STM32CubeIDE/plugins/com.st.stm32cube.ide.mcu.externaltools.gnu-tools-for-stm32.12.3.rel1.win32_1.0.100.202403111256/tools/bin/../lib/gcc/arm-none-eabi/12.3.1/thumb/v7e-m+fp/hard/crtn.o
                0x20050000                        _estack = (ORIGIN (RAM) + LENGTH (RAM))
                0x00000200                        _Min_Heap_Size = 0x200
                0x00000400                        _Min_Stack_Size = 0x400

.isr_vector     0x08000000      0x1ac
                0x08000000                        . = ALIGN (0x4)
 *(.isr_vector)
 .isr_vector    0x08000000      0x1ac ./Core/Startup/startup_stm32l496vgtx.o
                0x08000000                g_pfnVectors
                0x080001ac                        . = ALIGN (0x4)

.text           0x080001b0    0x1061c
                0x080001b0                        . = ALIGN (0x4)
 *(.text)
 .text          0x080001b0       0x40 C:/ST/STM32CubeIDE_1.13.2/STM32CubeIDE/plugins/com.st.stm32cube.ide.mcu.externaltools.gnu-tools-for-stm32.12.3.rel1.win32_1.0.100.202403111256/tools/bin/../lib/gcc/arm-none-eabi/12.3.1/thumb/v7e-m+fp/hard/crtbegin.o
 .text          0x080001f0       0x10 C:/ST/STM32CubeIDE_1.13.2/STM32CubeIDE/plugins/com.st.stm32cube.ide.mcu.externaltools.gnu-tools-for-stm32.12.3.rel1.win32_1.0.100.202403111256/tools/bin/../lib/gcc/arm-none-eabi/12.3.1/../../../../arm-none-eabi/lib/thumb/v7e-m+fp/hard\libc_nano.a(libc_a-strlen.o)
                0x080001f0                strlen
 .text          0x08000200       0xa0 C:/ST/STM32CubeIDE_1.13.2/STM32CubeIDE/plugins/com.st.stm32cube.ide.mcu.externaltools.gnu-tools-for-stm32.12.3.rel1.win32_1.0.100.202403111256/tools/bin/../lib/gcc/arm-none-eabi/12.3.1/../../../../arm-none-eabi/lib/thumb/v7e-m+fp/hard\libc_nano.a(libc_a-memchr.o)
                0x08000200                memchr
 .text          0x080002a0       0x30 C:/ST/STM32CubeIDE_1.13.2/STM32CubeIDE/plugins/com.st.stm32cube.ide.mcu.externaltools.gnu-tools-for-stm32.12.3.rel1.win32_1.0.100.202403111256/tools/bin/../lib/gcc/arm-none-eabi/12.3.1/thumb/v7e-m+fp/hard\libgcc.a(_aeabi_uldivmod.o)
                0x080002a0                __aeabi_uldivmod
 .text          0x080002d0      0x2bc C:/ST/STM32CubeIDE_1.13.2/STM32CubeIDE/plugins/com.st.stm32cube.ide.mcu.externaltools.gnu-tools-for-stm32.12.3.rel1.win32_1.0.100.202403111256/tools/bin/../lib/gcc/arm-none-eabi/12.3.1/thumb/v7e-m+fp/hard\libgcc.a(_udivmoddi4.o)
                0x080002d0                __udivmoddi4
 .text          0x0800058c        0x4 C:/ST/STM32CubeIDE_1.13.2/STM32CubeIDE/plugins/com.st.stm32cube.ide.mcu.externaltools.gnu-tools-for-stm32.12.3.rel1.win32_1.0.100.202403111256/tools/bin/../lib/gcc/arm-none-eabi/12.3.1/thumb/v7e-m+fp/hard\libgcc.a(_dvmd_tls.o)
                0x0800058c                __aeabi_idiv0
                0x0800058c                __aeabi_ldiv0
 *(.text*)
 .text.GNSSCom_Init
                0x08000590       0x50 ./Core/Src/GNSS/GNSSCom.o
                0x08000590                GNSSCom_Init
 .text.GNSSCom_UartActivate
                0x080005e0       0x28 ./Core/Src/GNSS/GNSSCom.o
                0x080005e0                GNSSCom_UartActivate
 .text.initializeBuffer
                0x08000608       0x48 ./Core/Src/GNSS/GNSSCom.o
                0x08000608                initializeBuffer
 .text.freeBuffer
                0x08000650       0x20 ./Core/Src/GNSS/GNSSCom.o
                0x08000650                freeBuffer
 .text.GNSSCom_Send_SetVal
                0x08000670       0x54 ./Core/Src/GNSS/GNSSCom.o
                0x08000670                GNSSCom_Send_SetVal
 .text.GNSSCom_SetUp_Init
                0x080006c4      0x158 ./Core/Src/GNSS/GNSSCom.o
                0x080006c4                GNSSCom_SetUp_Init
 .text.GNSSCom_Receive
                0x0800081c      0x12e ./Core/Src/GNSS/GNSSCom.o
                0x0800081c                GNSSCom_Receive
 *fill*         0x0800094a        0x2 
 .text.create_message_debug
                0x0800094c       0x94 ./Core/Src/GNSS/UBXParser.o
                0x0800094c                create_message_debug
 .text.debug_UBX_NAV_TIMEUTC
                0x080009e0      0x208 ./Core/Src/GNSS/traductor.o
                0x080009e0                debug_UBX_NAV_TIMEUTC
 .text.debug_SetVal
                0x08000be8       0xbc ./Core/Src/GNSS/traductor.o
                0x08000be8                debug_SetVal
 .text.debug_PollMessage
                0x08000ca4       0xb4 ./Core/Src/GNSS/traductor.o
                0x08000ca4                debug_PollMessage
 .text.bytes_to_endian
                0x08000d58      0x1a6 ./Core/Src/GNSS/traductor.o
                0x08000d58                bytes_to_endian
 .text.fill_unuse_memory
                0x08000efe       0x2e ./Core/Src/GNSS/traductor.o
                0x08000efe                fill_unuse_memory
 .text.array_to_hex_string
                0x08000f2c       0x54 ./Core/Src/GNSS/traductor.o
                0x08000f2c                array_to_hex_string
 .text.LORACom_Init
                0x08000f80       0x28 ./Core/Src/LORA/LORACom.o
                0x08000f80                LORACom_Init
 .text.LORACom_SPIActivate
                0x08000fa8       0x22 ./Core/Src/LORA/LORACom.o
                0x08000fa8                LORACom_SPIActivate
 .text.LORA_Send
                0x08000fca       0xc2 ./Core/Src/LORA/LORACom.o
                0x08000fca                LORA_Send
 .text.LORA_debug
                0x0800108c       0x68 ./Core/Src/LORA/LORACom.o
                0x0800108c                LORA_debug
 .text.RFM9x_Init
                0x080010f4       0xb4 ./Core/Src/LORA/RFM9x.o
                0x080010f4                RFM9x_Init
 .text.RFM9x_Send
                0x080011a8       0x66 ./Core/Src/LORA/RFM9x.o
                0x080011a8                RFM9x_Send
 .text.RFM9x_Receive
                0x0800120e      0x110 ./Core/Src/LORA/RFM9x.o
                0x0800120e                RFM9x_Receive
 .text.RFM9x_SetMode_Receive
                0x0800131e       0x20 ./Core/Src/LORA/RFM9x.o
                0x0800131e                RFM9x_SetMode_Receive
 *fill*         0x0800133e        0x2 
 .text.RFM9x_ReadReg
                0x08001340       0x80 ./Core/Src/LORA/RFM9x.o
                0x08001340                RFM9x_ReadReg
 .text.RFM9x_WriteReg
                0x080013c0       0x78 ./Core/Src/LORA/RFM9x.o
                0x080013c0                RFM9x_WriteReg
 .text.RF_TestSpi
                0x08001438       0x70 ./Core/Src/LORA/RFM9x.o
                0x08001438                RF_TestSpi
 .text.print1   0x080014a8       0x4c ./Core/Src/LORA/RFM9x.o
                0x080014a8                print1
 .text.print    0x080014f4       0x48 ./Core/Src/LORA/RFM9x.o
                0x080014f4                print
 .text.commandToGNSS
                0x0800153c       0x80 ./Core/Src/RTOS_subfunctions/commandToGNSS.o
                0x0800153c                commandToGNSS
 .text.request_commandToGNSS
                0x080015bc       0x30 ./Core/Src/RTOS_subfunctions/commandToGNSS.o
                0x080015bc                request_commandToGNSS
 .text.debug    0x080015ec       0xa0 ./Core/Src/RTOS_subfunctions/debug.o
                0x080015ec                debug
 .text.UART_Transmit_With_Color
                0x0800168c       0x98 ./Core/Src/RTOS_subfunctions/debug.o
                0x0800168c                UART_Transmit_With_Color
 .text.uint8_array_to_hex_string
                0x08001724       0x50 ./Core/Src/RTOS_subfunctions/debug.o
                0x08001724                uint8_array_to_hex_string
 .text.fakeuseSD
                0x08001774      0x164 ./Core/Src/RTOS_subfunctions/fakeuseSD.o
                0x08001774                fakeuseSD
 .text.matcher  0x080018d8      0x180 ./Core/Src/RTOS_subfunctions/matcher.o
                0x080018d8                matcher
 .text.receivedLora
                0x08001a58       0x7c ./Core/Src/RTOS_subfunctions/receivedLora.o
                0x08001a58                receivedLora
 .text.PACKET_TYPE_POLL_fct
                0x08001ad4      0x1a0 ./Core/Src/RTOS_subfunctions/receivedLora.o
                0x08001ad4                PACKET_TYPE_POLL_fct
 .text.PACKET_TYPE_ACK_fct
                0x08001c74       0x30 ./Core/Src/RTOS_subfunctions/receivedLora.o
                0x08001c74                PACKET_TYPE_ACK_fct
 .text.uartbyteToGnssMessage
                0x08001ca4      0x370 ./Core/Src/RTOS_subfunctions/uartbyteToGnssMessage.o
                0x08001ca4                uartbyteToGnssMessage
 .text.MX_DAC1_Init
                0x08002014       0x78 ./Core/Src/dac.o
                0x08002014                MX_DAC1_Init
 .text.HAL_DAC_MspInit
                0x0800208c       0x7c ./Core/Src/dac.o
                0x0800208c                HAL_DAC_MspInit
 .text.MX_DMA_Init
                0x08002108       0x3c ./Core/Src/dma.o
                0x08002108                MX_DMA_Init
 .text.configureTimerForRunTimeStats
                0x08002144        0xe ./Core/Src/freertos.o
                0x08002144                configureTimerForRunTimeStats
 .text.getRunTimeCounterValue
                0x08002152       0x10 ./Core/Src/freertos.o
                0x08002152                getRunTimeCounterValue
 *fill*         0x08002162        0x2 
 .text.vApplicationGetIdleTaskMemory
                0x08002164       0x34 ./Core/Src/freertos.o
                0x08002164                vApplicationGetIdleTaskMemory
 .text.vApplicationGetTimerTaskMemory
                0x08002198       0x34 ./Core/Src/freertos.o
                0x08002198                vApplicationGetTimerTaskMemory
 .text.MX_FREERTOS_Init
                0x080021cc      0x2d0 ./Core/Src/freertos.o
                0x080021cc                MX_FREERTOS_Init
 .text.StartInitTask
                0x0800249c       0xc4 ./Core/Src/freertos.o
                0x0800249c                StartInitTask
 .text.ReceivedLORATask
                0x08002560       0x16 ./Core/Src/freertos.o
                0x08002560                ReceivedLORATask
 .text.UARTbyte_to_GNSSMessage_Task
                0x08002576        0xe ./Core/Src/freertos.o
                0x08002576                UARTbyte_to_GNSSMessage_Task
 .text.MatcherTask
                0x08002584       0x16 ./Core/Src/freertos.o
                0x08002584                MatcherTask
 .text.Fake_SDuse_Task
                0x0800259a       0x26 ./Core/Src/freertos.o
                0x0800259a                Fake_SDuse_Task
 .text.UartDebugTask
                0x080025c0       0x16 ./Core/Src/freertos.o
                0x080025c0                UartDebugTask
 .text.commandToGNSSTask
                0x080025d6       0x16 ./Core/Src/freertos.o
                0x080025d6                commandToGNSSTask
 .text.initPool
                0x080025ec       0x2e ./Core/Src/freertos.o
                0x080025ec                initPool
 *fill*         0x0800261a        0x2 
 .text.MX_GPIO_Init
                0x0800261c      0x1d0 ./Core/Src/gpio.o
                0x0800261c                MX_GPIO_Init
 .text.main     0x080027ec       0x42 ./Core/Src/main.o
                0x080027ec                main
 .text.SystemClock_Config
                0x0800282e       0x9e ./Core/Src/main.o
                0x0800282e                SystemClock_Config
 .text.HAL_TIM_PeriodElapsedCallback
                0x080028cc       0x24 ./Core/Src/main.o
                0x080028cc                HAL_TIM_PeriodElapsedCallback
 .text.Error_Handler
                0x080028f0        0xc ./Core/Src/main.o
                0x080028f0                Error_Handler
 .text.MX_SPI1_Init
                0x080028fc       0x7c ./Core/Src/spi.o
                0x080028fc                MX_SPI1_Init
 .text.MX_SPI2_Init
                0x08002978       0x7c ./Core/Src/spi.o
                0x08002978                MX_SPI2_Init
 .text.HAL_SPI_MspInit
                0x080029f4       0xec ./Core/Src/spi.o
                0x080029f4                HAL_SPI_MspInit
 .text.HAL_MspInit
                0x08002ae0       0x50 ./Core/Src/stm32l4xx_hal_msp.o
                0x08002ae0                HAL_MspInit
 .text.HAL_InitTick
                0x08002b30       0xdc ./Core/Src/stm32l4xx_hal_timebase_tim.o
                0x08002b30                HAL_InitTick
 .text.NMI_Handler
                0x08002c0c        0x8 ./Core/Src/stm32l4xx_it.o
                0x08002c0c                NMI_Handler
 .text.HardFault_Handler
                0x08002c14        0x8 ./Core/Src/stm32l4xx_it.o
                0x08002c14                HardFault_Handler
 .text.MemManage_Handler
                0x08002c1c        0x8 ./Core/Src/stm32l4xx_it.o
                0x08002c1c                MemManage_Handler
 .text.BusFault_Handler
                0x08002c24        0x8 ./Core/Src/stm32l4xx_it.o
                0x08002c24                BusFault_Handler
 .text.UsageFault_Handler
                0x08002c2c        0x8 ./Core/Src/stm32l4xx_it.o
                0x08002c2c                UsageFault_Handler
 .text.DebugMon_Handler
                0x08002c34        0xe ./Core/Src/stm32l4xx_it.o
                0x08002c34                DebugMon_Handler
 *fill*         0x08002c42        0x2 
 .text.DMA1_Channel2_IRQHandler
                0x08002c44       0x14 ./Core/Src/stm32l4xx_it.o
                0x08002c44                DMA1_Channel2_IRQHandler
 .text.EXTI9_5_IRQHandler
                0x08002c58       0x40 ./Core/Src/stm32l4xx_it.o
                0x08002c58                EXTI9_5_IRQHandler
 .text.TIM1_UP_TIM16_IRQHandler
                0x08002c98       0x14 ./Core/Src/stm32l4xx_it.o
                0x08002c98                TIM1_UP_TIM16_IRQHandler
 .text.USART1_IRQHandler
                0x08002cac       0x14 ./Core/Src/stm32l4xx_it.o
                0x08002cac                USART1_IRQHandler
 .text.USART2_IRQHandler
                0x08002cc0       0x14 ./Core/Src/stm32l4xx_it.o
                0x08002cc0                USART2_IRQHandler
 .text.USART3_IRQHandler
                0x08002cd4       0x58 ./Core/Src/stm32l4xx_it.o
                0x08002cd4                USART3_IRQHandler
 .text._sbrk    0x08002d2c       0x6c ./Core/Src/sysmem.o
                0x08002d2c                _sbrk
 .text.SystemInit
                0x08002d98       0x24 ./Core/Src/system_stm32l4xx.o
                0x08002d98                SystemInit
 .text.MX_USART1_UART_Init
                0x08002dbc       0x68 ./Core/Src/usart.o
                0x08002dbc                MX_USART1_UART_Init
 .text.MX_USART2_UART_Init
                0x08002e24       0x60 ./Core/Src/usart.o
                0x08002e24                MX_USART2_UART_Init
 .text.MX_USART3_UART_Init
                0x08002e84       0x60 ./Core/Src/usart.o
                0x08002e84                MX_USART3_UART_Init
 .text.HAL_UART_MspInit
                0x08002ee4      0x2a0 ./Core/Src/usart.o
                0x08002ee4                HAL_UART_MspInit
 .text.HAL_UART_TxCpltCallback
                0x08003184       0x34 ./Core/Src/usart.o
                0x08003184                HAL_UART_TxCpltCallback
 .text.MX_USB_OTG_FS_PCD_Init
                0x080031b8       0x5c ./Core/Src/usb_otg.o
                0x080031b8                MX_USB_OTG_FS_PCD_Init
 .text.HAL_PCD_MspInit
                0x08003214      0x138 ./Core/Src/usb_otg.o
                0x08003214                HAL_PCD_MspInit
 .text.Reset_Handler
                0x0800334c       0x50 ./Core/Startup/startup_stm32l496vgtx.o
                0x0800334c                Reset_Handler
 .text.Default_Handler
                0x0800339c        0x2 ./Core/Startup/startup_stm32l496vgtx.o
                0x0800339c                RTC_Alarm_IRQHandler
                0x0800339c                EXTI2_IRQHandler
                0x0800339c                TIM8_TRG_COM_IRQHandler
                0x0800339c                TIM8_CC_IRQHandler
                0x0800339c                TIM1_CC_IRQHandler
                0x0800339c                TSC_IRQHandler
                0x0800339c                TAMP_STAMP_IRQHandler
                0x0800339c                CAN2_RX1_IRQHandler
                0x0800339c                EXTI3_IRQHandler
                0x0800339c                LPTIM2_IRQHandler
                0x0800339c                DFSDM1_FLT1_IRQHandler
                0x0800339c                I2C3_ER_IRQHandler
                0x0800339c                DFSDM1_FLT2_IRQHandler
                0x0800339c                EXTI0_IRQHandler
                0x0800339c                I2C2_EV_IRQHandler
                0x0800339c                CAN1_RX0_IRQHandler
                0x0800339c                FPU_IRQHandler
                0x0800339c                CAN2_SCE_IRQHandler
                0x0800339c                ADC1_2_IRQHandler
                0x0800339c                SPI1_IRQHandler
                0x0800339c                TIM6_DAC_IRQHandler
                0x0800339c                DCMI_IRQHandler
                0x0800339c                CAN2_RX0_IRQHandler
                0x0800339c                TIM8_UP_IRQHandler
                0x0800339c                DMA2_Channel2_IRQHandler
                0x0800339c                DMA1_Channel4_IRQHandler
                0x0800339c                SAI2_IRQHandler
                0x0800339c                DFSDM1_FLT3_IRQHandler
                0x0800339c                DMA1_Channel7_IRQHandler
                0x0800339c                CAN1_RX1_IRQHandler
                0x0800339c                LCD_IRQHandler
                0x0800339c                UART5_IRQHandler
                0x0800339c                ADC3_IRQHandler
                0x0800339c                TIM4_IRQHandler
                0x0800339c                DMA2_Channel1_IRQHandler
                0x0800339c                QUADSPI_IRQHandler
                0x0800339c                I2C1_EV_IRQHandler
                0x0800339c                DMA1_Channel6_IRQHandler
                0x0800339c                UART4_IRQHandler
                0x0800339c                DMA2_Channel4_IRQHandler
                0x0800339c                TIM3_IRQHandler
                0x0800339c                RCC_IRQHandler
                0x0800339c                DMA1_Channel1_IRQHandler
                0x0800339c                Default_Handler
                0x0800339c                DMA2_Channel7_IRQHandler
                0x0800339c                EXTI15_10_IRQHandler
                0x0800339c                TIM7_IRQHandler
                0x0800339c                SDMMC1_IRQHandler
                0x0800339c                CAN2_TX_IRQHandler
                0x0800339c                TIM5_IRQHandler
                0x0800339c                I2C3_EV_IRQHandler
                0x0800339c                RTC_WKUP_IRQHandler
                0x0800339c                PVD_PVM_IRQHandler
                0x0800339c                SPI2_IRQHandler
                0x0800339c                CAN1_TX_IRQHandler
                0x0800339c                DMA2_Channel5_IRQHandler
                0x0800339c                CRS_IRQHandler
                0x0800339c                DMA1_Channel5_IRQHandler
                0x0800339c                EXTI4_IRQHandler
                0x0800339c                RNG_IRQHandler
                0x0800339c                TIM1_TRG_COM_TIM17_IRQHandler
                0x0800339c                DMA1_Channel3_IRQHandler
                0x0800339c                COMP_IRQHandler
                0x0800339c                WWDG_IRQHandler
                0x0800339c                I2C4_EV_IRQHandler
                0x0800339c                LPUART1_IRQHandler
                0x0800339c                DMA2_Channel6_IRQHandler
                0x0800339c                TIM2_IRQHandler
                0x0800339c                EXTI1_IRQHandler
                0x0800339c                DFSDM1_FLT0_IRQHandler
                0x0800339c                I2C2_ER_IRQHandler
                0x0800339c                TIM8_BRK_IRQHandler
                0x0800339c                CAN1_SCE_IRQHandler
                0x0800339c                FLASH_IRQHandler
                0x0800339c                OTG_FS_IRQHandler
                0x0800339c                SPI3_IRQHandler
                0x0800339c                I2C1_ER_IRQHandler
                0x0800339c                FMC_IRQHandler
                0x0800339c                SWPMI1_IRQHandler
                0x0800339c                LPTIM1_IRQHandler
                0x0800339c                I2C4_ER_IRQHandler
                0x0800339c                SAI1_IRQHandler
                0x0800339c                DMA2_Channel3_IRQHandler
                0x0800339c                TIM1_BRK_TIM15_IRQHandler
 .text.HAL_Init
                0x0800339e       0x30 ./Drivers/STM32L4xx_HAL_Driver/Src/stm32l4xx_hal.o
                0x0800339e                HAL_Init
 *fill*         0x080033ce        0x2 
 .text.HAL_IncTick
                0x080033d0       0x28 ./Drivers/STM32L4xx_HAL_Driver/Src/stm32l4xx_hal.o
                0x080033d0                HAL_IncTick
 .text.HAL_GetTick
                0x080033f8       0x18 ./Drivers/STM32L4xx_HAL_Driver/Src/stm32l4xx_hal.o
                0x080033f8                HAL_GetTick
 .text.HAL_Delay
                0x08003410       0x48 ./Drivers/STM32L4xx_HAL_Driver/Src/stm32l4xx_hal.o
                0x08003410                HAL_Delay
 .text.__NVIC_SetPriorityGrouping
                0x08003458       0x48 ./Drivers/STM32L4xx_HAL_Driver/Src/stm32l4xx_hal_cortex.o
 .text.__NVIC_GetPriorityGrouping
                0x080034a0       0x1c ./Drivers/STM32L4xx_HAL_Driver/Src/stm32l4xx_hal_cortex.o
 .text.__NVIC_EnableIRQ
                0x080034bc       0x3c ./Drivers/STM32L4xx_HAL_Driver/Src/stm32l4xx_hal_cortex.o
 .text.__NVIC_SetPriority
                0x080034f8       0x54 ./Drivers/STM32L4xx_HAL_Driver/Src/stm32l4xx_hal_cortex.o
 .text.NVIC_EncodePriority
                0x0800354c       0x66 ./Drivers/STM32L4xx_HAL_Driver/Src/stm32l4xx_hal_cortex.o
 .text.HAL_NVIC_SetPriorityGrouping
                0x080035b2       0x16 ./Drivers/STM32L4xx_HAL_Driver/Src/stm32l4xx_hal_cortex.o
                0x080035b2                HAL_NVIC_SetPriorityGrouping
 .text.HAL_NVIC_SetPriority
                0x080035c8       0x38 ./Drivers/STM32L4xx_HAL_Driver/Src/stm32l4xx_hal_cortex.o
                0x080035c8                HAL_NVIC_SetPriority
 .text.HAL_NVIC_EnableIRQ
                0x08003600       0x1c ./Drivers/STM32L4xx_HAL_Driver/Src/stm32l4xx_hal_cortex.o
                0x08003600                HAL_NVIC_EnableIRQ
 .text.HAL_DAC_Init
                0x0800361c       0x44 ./Drivers/STM32L4xx_HAL_Driver/Src/stm32l4xx_hal_dac.o
                0x0800361c                HAL_DAC_Init
 .text.HAL_DAC_ConfigChannel
                0x08003660      0x24e ./Drivers/STM32L4xx_HAL_Driver/Src/stm32l4xx_hal_dac.o
                0x08003660                HAL_DAC_ConfigChannel
 *fill*         0x080038ae        0x2 
 .text.HAL_DMA_Init
                0x080038b0      0x170 ./Drivers/STM32L4xx_HAL_Driver/Src/stm32l4xx_hal_dma.o
                0x080038b0                HAL_DMA_Init
 .text.HAL_DMA_Abort
                0x08003a20       0x7c ./Drivers/STM32L4xx_HAL_Driver/Src/stm32l4xx_hal_dma.o
                0x08003a20                HAL_DMA_Abort
 .text.HAL_DMA_Abort_IT
                0x08003a9c       0x82 ./Drivers/STM32L4xx_HAL_Driver/Src/stm32l4xx_hal_dma.o
                0x08003a9c                HAL_DMA_Abort_IT
 .text.HAL_DMA_IRQHandler
                0x08003b1e      0x15e ./Drivers/STM32L4xx_HAL_Driver/Src/stm32l4xx_hal_dma.o
                0x08003b1e                HAL_DMA_IRQHandler
 .text.HAL_GPIO_Init
                0x08003c7c      0x324 ./Drivers/STM32L4xx_HAL_Driver/Src/stm32l4xx_hal_gpio.o
                0x08003c7c                HAL_GPIO_Init
 .text.HAL_GPIO_WritePin
                0x08003fa0       0x30 ./Drivers/STM32L4xx_HAL_Driver/Src/stm32l4xx_hal_gpio.o
                0x08003fa0                HAL_GPIO_WritePin
 .text.HAL_GPIO_TogglePin
                0x08003fd0       0x34 ./Drivers/STM32L4xx_HAL_Driver/Src/stm32l4xx_hal_gpio.o
                0x08003fd0                HAL_GPIO_TogglePin
 .text.HAL_GPIO_EXTI_IRQHandler
                0x08004004       0x30 ./Drivers/STM32L4xx_HAL_Driver/Src/stm32l4xx_hal_gpio.o
                0x08004004                HAL_GPIO_EXTI_IRQHandler
 .text.HAL_GPIO_EXTI_Callback
                0x08004034       0x16 ./Drivers/STM32L4xx_HAL_Driver/Src/stm32l4xx_hal_gpio.o
                0x08004034                HAL_GPIO_EXTI_Callback
 .text.HAL_PCD_Init
                0x0800404a      0x248 ./Drivers/STM32L4xx_HAL_Driver/Src/stm32l4xx_hal_pcd.o
                0x0800404a                HAL_PCD_Init
 .text.HAL_PCDEx_ActivateLPM
                0x08004292       0x48 ./Drivers/STM32L4xx_HAL_Driver/Src/stm32l4xx_hal_pcd_ex.o
                0x08004292                HAL_PCDEx_ActivateLPM
 *fill*         0x080042da        0x2 
 .text.HAL_PWREx_GetVoltageRange
                0x080042dc       0x1c ./Drivers/STM32L4xx_HAL_Driver/Src/stm32l4xx_hal_pwr_ex.o
                0x080042dc                HAL_PWREx_GetVoltageRange
 .text.HAL_PWREx_ControlVoltageScaling
                0x080042f8       0xac ./Drivers/STM32L4xx_HAL_Driver/Src/stm32l4xx_hal_pwr_ex.o
                0x080042f8                HAL_PWREx_ControlVoltageScaling
 .text.HAL_PWREx_EnableVddUSB
                0x080043a4       0x20 ./Drivers/STM32L4xx_HAL_Driver/Src/stm32l4xx_hal_pwr_ex.o
                0x080043a4                HAL_PWREx_EnableVddUSB
 .text.HAL_RCC_OscConfig
                0x080043c4      0x834 ./Drivers/STM32L4xx_HAL_Driver/Src/stm32l4xx_hal_rcc.o
                0x080043c4                HAL_RCC_OscConfig
 .text.HAL_RCC_ClockConfig
                0x08004bf8      0x200 ./Drivers/STM32L4xx_HAL_Driver/Src/stm32l4xx_hal_rcc.o
                0x08004bf8                HAL_RCC_ClockConfig
 .text.HAL_RCC_GetSysClockFreq
                0x08004df8      0x118 ./Drivers/STM32L4xx_HAL_Driver/Src/stm32l4xx_hal_rcc.o
                0x08004df8                HAL_RCC_GetSysClockFreq
 .text.HAL_RCC_GetHCLKFreq
                0x08004f10       0x18 ./Drivers/STM32L4xx_HAL_Driver/Src/stm32l4xx_hal_rcc.o
                0x08004f10                HAL_RCC_GetHCLKFreq
 .text.HAL_RCC_GetPCLK1Freq
                0x08004f28       0x2c ./Drivers/STM32L4xx_HAL_Driver/Src/stm32l4xx_hal_rcc.o
                0x08004f28                HAL_RCC_GetPCLK1Freq
 .text.HAL_RCC_GetPCLK2Freq
                0x08004f54       0x2c ./Drivers/STM32L4xx_HAL_Driver/Src/stm32l4xx_hal_rcc.o
                0x08004f54                HAL_RCC_GetPCLK2Freq
 .text.HAL_RCC_GetClockConfig
                0x08004f80       0x64 ./Drivers/STM32L4xx_HAL_Driver/Src/stm32l4xx_hal_rcc.o
                0x08004f80                HAL_RCC_GetClockConfig
 .text.RCC_SetFlashLatencyFromMSIRange
                0x08004fe4       0xc0 ./Drivers/STM32L4xx_HAL_Driver/Src/stm32l4xx_hal_rcc.o
 .text.HAL_RCCEx_PeriphCLKConfig
                0x080050a4      0x5f8 ./Drivers/STM32L4xx_HAL_Driver/Src/stm32l4xx_hal_rcc_ex.o
                0x080050a4                HAL_RCCEx_PeriphCLKConfig
 .text.RCCEx_PLLSAI1_Config
                0x0800569c      0x1e4 ./Drivers/STM32L4xx_HAL_Driver/Src/stm32l4xx_hal_rcc_ex.o
 .text.RCCEx_PLLSAI2_Config
                0x08005880      0x1b8 ./Drivers/STM32L4xx_HAL_Driver/Src/stm32l4xx_hal_rcc_ex.o
 .text.HAL_SPI_Init
                0x08005a38      0x146 ./Drivers/STM32L4xx_HAL_Driver/Src/stm32l4xx_hal_spi.o
                0x08005a38                HAL_SPI_Init
 .text.HAL_SPI_Transmit
                0x08005b7e      0x2ea ./Drivers/STM32L4xx_HAL_Driver/Src/stm32l4xx_hal_spi.o
                0x08005b7e                HAL_SPI_Transmit
 .text.HAL_SPI_TransmitReceive
                0x08005e68      0x444 ./Drivers/STM32L4xx_HAL_Driver/Src/stm32l4xx_hal_spi.o
                0x08005e68                HAL_SPI_TransmitReceive
 .text.HAL_SPI_Receive_IT
                0x080062ac      0x15c ./Drivers/STM32L4xx_HAL_Driver/Src/stm32l4xx_hal_spi.o
                0x080062ac                HAL_SPI_Receive_IT
 .text.HAL_SPI_TransmitReceive_IT
                0x08006408      0x15c ./Drivers/STM32L4xx_HAL_Driver/Src/stm32l4xx_hal_spi.o
                0x08006408                HAL_SPI_TransmitReceive_IT
 .text.HAL_SPI_RxCpltCallback
                0x08006564       0x14 ./Drivers/STM32L4xx_HAL_Driver/Src/stm32l4xx_hal_spi.o
                0x08006564                HAL_SPI_RxCpltCallback
 .text.HAL_SPI_TxRxCpltCallback
                0x08006578       0x14 ./Drivers/STM32L4xx_HAL_Driver/Src/stm32l4xx_hal_spi.o
                0x08006578                HAL_SPI_TxRxCpltCallback
 .text.HAL_SPI_ErrorCallback
                0x0800658c       0x14 ./Drivers/STM32L4xx_HAL_Driver/Src/stm32l4xx_hal_spi.o
                0x0800658c                HAL_SPI_ErrorCallback
 .text.SPI_2linesRxISR_8BIT
                0x080065a0       0xbe ./Drivers/STM32L4xx_HAL_Driver/Src/stm32l4xx_hal_spi.o
 .text.SPI_2linesTxISR_8BIT
                0x0800665e       0x92 ./Drivers/STM32L4xx_HAL_Driver/Src/stm32l4xx_hal_spi.o
 .text.SPI_2linesRxISR_16BIT
                0x080066f0       0x66 ./Drivers/STM32L4xx_HAL_Driver/Src/stm32l4xx_hal_spi.o
 .text.SPI_2linesTxISR_16BIT
                0x08006756       0x60 ./Drivers/STM32L4xx_HAL_Driver/Src/stm32l4xx_hal_spi.o
 .text.SPI_RxISR_8BIT
                0x080067b6       0x50 ./Drivers/STM32L4xx_HAL_Driver/Src/stm32l4xx_hal_spi.o
 .text.SPI_RxISR_16BIT
                0x08006806       0x4c ./Drivers/STM32L4xx_HAL_Driver/Src/stm32l4xx_hal_spi.o
 *fill*         0x08006852        0x2 
 .text.SPI_WaitFlagStateUntilTimeout
                0x08006854      0x110 ./Drivers/STM32L4xx_HAL_Driver/Src/stm32l4xx_hal_spi.o
 .text.SPI_WaitFifoStateUntilTimeout
                0x08006964      0x12c ./Drivers/STM32L4xx_HAL_Driver/Src/stm32l4xx_hal_spi.o
 .text.SPI_EndRxTransaction
                0x08006a90       0xb0 ./Drivers/STM32L4xx_HAL_Driver/Src/stm32l4xx_hal_spi.o
 .text.SPI_EndRxTxTransaction
                0x08006b40       0x8c ./Drivers/STM32L4xx_HAL_Driver/Src/stm32l4xx_hal_spi.o
 .text.SPI_CloseRxTx_ISR
                0x08006bcc       0x84 ./Drivers/STM32L4xx_HAL_Driver/Src/stm32l4xx_hal_spi.o
 .text.SPI_CloseRx_ISR
                0x08006c50       0x60 ./Drivers/STM32L4xx_HAL_Driver/Src/stm32l4xx_hal_spi.o
 .text.HAL_TIM_Base_Init
                0x08006cb0       0xae ./Drivers/STM32L4xx_HAL_Driver/Src/stm32l4xx_hal_tim.o
                0x08006cb0                HAL_TIM_Base_Init
 .text.HAL_TIM_Base_MspInit
                0x08006d5e       0x14 ./Drivers/STM32L4xx_HAL_Driver/Src/stm32l4xx_hal_tim.o
                0x08006d5e                HAL_TIM_Base_MspInit
 *fill*         0x08006d72        0x2 
 .text.HAL_TIM_Base_Start_IT
                0x08006d74       0xe0 ./Drivers/STM32L4xx_HAL_Driver/Src/stm32l4xx_hal_tim.o
                0x08006d74                HAL_TIM_Base_Start_IT
 .text.HAL_TIM_IRQHandler
                0x08006e54      0x204 ./Drivers/STM32L4xx_HAL_Driver/Src/stm32l4xx_hal_tim.o
                0x08006e54                HAL_TIM_IRQHandler
 .text.HAL_TIM_OC_DelayElapsedCallback
                0x08007058       0x14 ./Drivers/STM32L4xx_HAL_Driver/Src/stm32l4xx_hal_tim.o
                0x08007058                HAL_TIM_OC_DelayElapsedCallback
 .text.HAL_TIM_IC_CaptureCallback
                0x0800706c       0x14 ./Drivers/STM32L4xx_HAL_Driver/Src/stm32l4xx_hal_tim.o
                0x0800706c                HAL_TIM_IC_CaptureCallback
 .text.HAL_TIM_PWM_PulseFinishedCallback
                0x08007080       0x14 ./Drivers/STM32L4xx_HAL_Driver/Src/stm32l4xx_hal_tim.o
                0x08007080                HAL_TIM_PWM_PulseFinishedCallback
 .text.HAL_TIM_TriggerCallback
                0x08007094       0x14 ./Drivers/STM32L4xx_HAL_Driver/Src/stm32l4xx_hal_tim.o
                0x08007094                HAL_TIM_TriggerCallback
 .text.TIM_Base_SetConfig
                0x080070a8      0x134 ./Drivers/STM32L4xx_HAL_Driver/Src/stm32l4xx_hal_tim.o
                0x080070a8                TIM_Base_SetConfig
 .text.HAL_TIMEx_CommutCallback
                0x080071dc       0x14 ./Drivers/STM32L4xx_HAL_Driver/Src/stm32l4xx_hal_tim_ex.o
                0x080071dc                HAL_TIMEx_CommutCallback
 .text.HAL_TIMEx_BreakCallback
                0x080071f0       0x14 ./Drivers/STM32L4xx_HAL_Driver/Src/stm32l4xx_hal_tim_ex.o
                0x080071f0                HAL_TIMEx_BreakCallback
 .text.HAL_TIMEx_Break2Callback
                0x08007204       0x14 ./Drivers/STM32L4xx_HAL_Driver/Src/stm32l4xx_hal_tim_ex.o
                0x08007204                HAL_TIMEx_Break2Callback
 .text.HAL_UART_Init
                0x08007218       0x9c ./Drivers/STM32L4xx_HAL_Driver/Src/stm32l4xx_hal_uart.o
                0x08007218                HAL_UART_Init
 .text.HAL_UART_Transmit
                0x080072b4      0x112 ./Drivers/STM32L4xx_HAL_Driver/Src/stm32l4xx_hal_uart.o
                0x080072b4                HAL_UART_Transmit
 *fill*         0x080073c6        0x2 
 .text.HAL_UART_Transmit_IT
                0x080073c8       0xbc ./Drivers/STM32L4xx_HAL_Driver/Src/stm32l4xx_hal_uart.o
                0x080073c8                HAL_UART_Transmit_IT
 .text.HAL_UART_Receive_IT
                0x08007484       0x98 ./Drivers/STM32L4xx_HAL_Driver/Src/stm32l4xx_hal_uart.o
                0x08007484                HAL_UART_Receive_IT
 .text.HAL_UART_IRQHandler
                0x0800751c      0x5d4 ./Drivers/STM32L4xx_HAL_Driver/Src/stm32l4xx_hal_uart.o
                0x0800751c                HAL_UART_IRQHandler
 .text.HAL_UART_RxCpltCallback
                0x08007af0       0x14 ./Drivers/STM32L4xx_HAL_Driver/Src/stm32l4xx_hal_uart.o
                0x08007af0                HAL_UART_RxCpltCallback
 .text.HAL_UART_ErrorCallback
                0x08007b04       0x14 ./Drivers/STM32L4xx_HAL_Driver/Src/stm32l4xx_hal_uart.o
                0x08007b04                HAL_UART_ErrorCallback
 .text.HAL_UARTEx_RxEventCallback
                0x08007b18       0x18 ./Drivers/STM32L4xx_HAL_Driver/Src/stm32l4xx_hal_uart.o
                0x08007b18                HAL_UARTEx_RxEventCallback
 .text.UART_SetConfig
                0x08007b30      0x570 ./Drivers/STM32L4xx_HAL_Driver/Src/stm32l4xx_hal_uart.o
                0x08007b30                UART_SetConfig
 .text.UART_AdvFeatureConfig
                0x080080a0      0x144 ./Drivers/STM32L4xx_HAL_Driver/Src/stm32l4xx_hal_uart.o
                0x080080a0                UART_AdvFeatureConfig
 .text.UART_CheckIdleState
                0x080081e4      0x150 ./Drivers/STM32L4xx_HAL_Driver/Src/stm32l4xx_hal_uart.o
                0x080081e4                UART_CheckIdleState
 .text.UART_WaitOnFlagUntilTimeout
                0x08008334       0xce ./Drivers/STM32L4xx_HAL_Driver/Src/stm32l4xx_hal_uart.o
                0x08008334                UART_WaitOnFlagUntilTimeout
 *fill*         0x08008402        0x2 
 .text.UART_Start_Receive_IT
                0x08008404      0x18c ./Drivers/STM32L4xx_HAL_Driver/Src/stm32l4xx_hal_uart.o
                0x08008404                UART_Start_Receive_IT
 .text.UART_EndRxTransfer
                0x08008590       0xc8 ./Drivers/STM32L4xx_HAL_Driver/Src/stm32l4xx_hal_uart.o
 .text.UART_DMAAbortOnError
                0x08008658       0x2c ./Drivers/STM32L4xx_HAL_Driver/Src/stm32l4xx_hal_uart.o
 .text.UART_TxISR_8BIT
                0x08008684       0xb6 ./Drivers/STM32L4xx_HAL_Driver/Src/stm32l4xx_hal_uart.o
 .text.UART_TxISR_16BIT
                0x0800873a       0xc0 ./Drivers/STM32L4xx_HAL_Driver/Src/stm32l4xx_hal_uart.o
 .text.UART_EndTransmit_IT
                0x080087fa       0x54 ./Drivers/STM32L4xx_HAL_Driver/Src/stm32l4xx_hal_uart.o
 *fill*         0x0800884e        0x2 
 .text.UART_RxISR_8BIT
                0x08008850      0x1bc ./Drivers/STM32L4xx_HAL_Driver/Src/stm32l4xx_hal_uart.o
 .text.UART_RxISR_16BIT
                0x08008a0c      0x1bc ./Drivers/STM32L4xx_HAL_Driver/Src/stm32l4xx_hal_uart.o
 .text.HAL_UARTEx_WakeupCallback
                0x08008bc8       0x14 ./Drivers/STM32L4xx_HAL_Driver/Src/stm32l4xx_hal_uart_ex.o
                0x08008bc8                HAL_UARTEx_WakeupCallback
 .text.USB_CoreInit
                0x08008bdc       0x58 ./Drivers/STM32L4xx_HAL_Driver/Src/stm32l4xx_ll_usb.o
                0x08008bdc                USB_CoreInit
 .text.USB_DisableGlobalInt
                0x08008c34       0x22 ./Drivers/STM32L4xx_HAL_Driver/Src/stm32l4xx_ll_usb.o
                0x08008c34                USB_DisableGlobalInt
 .text.USB_SetCurrentMode
                0x08008c56       0x98 ./Drivers/STM32L4xx_HAL_Driver/Src/stm32l4xx_ll_usb.o
                0x08008c56                USB_SetCurrentMode
 *fill*         0x08008cee        0x2 
 .text.USB_DevInit
                0x08008cf0      0x284 ./Drivers/STM32L4xx_HAL_Driver/Src/stm32l4xx_ll_usb.o
                0x08008cf0                USB_DevInit
 .text.USB_FlushTxFifo
                0x08008f74       0x68 ./Drivers/STM32L4xx_HAL_Driver/Src/stm32l4xx_ll_usb.o
                0x08008f74                USB_FlushTxFifo
 .text.USB_FlushRxFifo
                0x08008fdc       0x60 ./Drivers/STM32L4xx_HAL_Driver/Src/stm32l4xx_ll_usb.o
                0x08008fdc                USB_FlushRxFifo
 .text.USB_SetDevSpeed
                0x0800903c       0x32 ./Drivers/STM32L4xx_HAL_Driver/Src/stm32l4xx_ll_usb.o
                0x0800903c                USB_SetDevSpeed
 .text.USB_DevDisconnect
                0x0800906e       0x42 ./Drivers/STM32L4xx_HAL_Driver/Src/stm32l4xx_ll_usb.o
                0x0800906e                USB_DevDisconnect
 .text.USB_GetMode
                0x080090b0       0x1c ./Drivers/STM32L4xx_HAL_Driver/Src/stm32l4xx_ll_usb.o
                0x080090b0                USB_GetMode
 .text.USB_CoreReset
                0x080090cc       0x68 ./Drivers/STM32L4xx_HAL_Driver/Src/stm32l4xx_ll_usb.o
 .text.makeFreeRtosPriority
                0x08009134       0x30 ./Middlewares/Third_Party/FreeRTOS/Source/CMSIS_RTOS/cmsis_os.o
 .text.inHandlerMode
                0x08009164       0x24 ./Middlewares/Third_Party/FreeRTOS/Source/CMSIS_RTOS/cmsis_os.o
 .text.osKernelStart
                0x08009188        0xe ./Middlewares/Third_Party/FreeRTOS/Source/CMSIS_RTOS/cmsis_os.o
                0x08009188                osKernelStart
 .text.osThreadCreate
                0x08009196       0x98 ./Middlewares/Third_Party/FreeRTOS/Source/CMSIS_RTOS/cmsis_os.o
                0x08009196                osThreadCreate
 .text.osThreadTerminate
                0x0800922e       0x18 ./Middlewares/Third_Party/FreeRTOS/Source/CMSIS_RTOS/cmsis_os.o
                0x0800922e                osThreadTerminate
 .text.osSemaphoreCreate
                0x08009246       0x64 ./Middlewares/Third_Party/FreeRTOS/Source/CMSIS_RTOS/cmsis_os.o
                0x08009246                osSemaphoreCreate
 *fill*         0x080092aa        0x2 
 .text.osSemaphoreWait
                0x080092ac       0x9c ./Middlewares/Third_Party/FreeRTOS/Source/CMSIS_RTOS/cmsis_os.o
                0x080092ac                osSemaphoreWait
 .text.osSemaphoreRelease
                0x08009348       0x6c ./Middlewares/Third_Party/FreeRTOS/Source/CMSIS_RTOS/cmsis_os.o
                0x08009348                osSemaphoreRelease
 .text.osPoolCreate
                0x080093b4       0xba ./Middlewares/Third_Party/FreeRTOS/Source/CMSIS_RTOS/cmsis_os.o
                0x080093b4                osPoolCreate
 .text.osMessageCreate
                0x0800946e       0x50 ./Middlewares/Third_Party/FreeRTOS/Source/CMSIS_RTOS/cmsis_os.o
                0x0800946e                osMessageCreate
 .text.vListInitialise
                0x080094be       0x40 ./Middlewares/Third_Party/FreeRTOS/Source/list.o
                0x080094be                vListInitialise
 .text.vListInitialiseItem
                0x080094fe       0x1a ./Middlewares/Third_Party/FreeRTOS/Source/list.o
                0x080094fe                vListInitialiseItem
 .text.vListInsertEnd
                0x08009518       0x48 ./Middlewares/Third_Party/FreeRTOS/Source/list.o
                0x08009518                vListInsertEnd
 .text.vListInsert
                0x08009560       0x72 ./Middlewares/Third_Party/FreeRTOS/Source/list.o
                0x08009560                vListInsert
 .text.uxListRemove
                0x080095d2       0x54 ./Middlewares/Third_Party/FreeRTOS/Source/list.o
                0x080095d2                uxListRemove
 *fill*         0x08009626        0x2 
 .text.xQueueGenericReset
                0x08009628       0xd4 ./Middlewares/Third_Party/FreeRTOS/Source/queue.o
                0x08009628                xQueueGenericReset
 .text.xQueueGenericCreateStatic
                0x080096fc      0x14c ./Middlewares/Third_Party/FreeRTOS/Source/queue.o
                0x080096fc                xQueueGenericCreateStatic
 .text.xQueueGenericCreate
                0x08009848       0xc8 ./Middlewares/Third_Party/FreeRTOS/Source/queue.o
                0x08009848                xQueueGenericCreate
 .text.prvInitialiseNewQueue
                0x08009910       0xa8 ./Middlewares/Third_Party/FreeRTOS/Source/queue.o
 .text.xQueueGenericSend
                0x080099b8      0x378 ./Middlewares/Third_Party/FreeRTOS/Source/queue.o
                0x080099b8                xQueueGenericSend
 .text.xQueueGenericSendFromISR
                0x08009d30      0x1bc ./Middlewares/Third_Party/FreeRTOS/Source/queue.o
                0x08009d30                xQueueGenericSendFromISR
 .text.xQueueGiveFromISR
                0x08009eec       0x1e ./Middlewares/Third_Party/FreeRTOS/Source/queue.o
                0x08009eec                xQueueGiveFromISR
 .text.MyWrapper_xQueueGiveFromISR
                0x08009f0a      0x1a2 ./Middlewares/Third_Party/FreeRTOS/Source/queue.o
                0x08009f0a                MyWrapper_xQueueGiveFromISR
 .text.xQueueReceive
                0x0800a0ac      0x344 ./Middlewares/Third_Party/FreeRTOS/Source/queue.o
                0x0800a0ac                xQueueReceive
 .text.xQueueSemaphoreTake
                0x0800a3f0      0x3a0 ./Middlewares/Third_Party/FreeRTOS/Source/queue.o
                0x0800a3f0                xQueueSemaphoreTake
 .text.xQueueReceiveFromISR
                0x0800a790      0x170 ./Middlewares/Third_Party/FreeRTOS/Source/queue.o
                0x0800a790                xQueueReceiveFromISR
 .text.uxQueueMessagesWaiting
                0x0800a900       0x3e ./Middlewares/Third_Party/FreeRTOS/Source/queue.o
                0x0800a900                uxQueueMessagesWaiting
 .text.prvGetDisinheritPriorityAfterTimeout
                0x0800a93e       0x30 ./Middlewares/Third_Party/FreeRTOS/Source/queue.o
 .text.prvCopyDataToQueue
                0x0800a96e       0xd4 ./Middlewares/Third_Party/FreeRTOS/Source/queue.o
 .text.prvCopyDataFromQueue
                0x0800aa42       0x4c ./Middlewares/Third_Party/FreeRTOS/Source/queue.o
 .text.prvUnlockQueue
                0x0800aa8e       0xa4 ./Middlewares/Third_Party/FreeRTOS/Source/queue.o
 .text.prvIsQueueEmpty
                0x0800ab32       0x2c ./Middlewares/Third_Party/FreeRTOS/Source/queue.o
 .text.prvIsQueueFull
                0x0800ab5e       0x30 ./Middlewares/Third_Party/FreeRTOS/Source/queue.o
 *fill*         0x0800ab8e        0x2 
 .text.vQueueAddToRegistry
                0x0800ab90       0x58 ./Middlewares/Third_Party/FreeRTOS/Source/queue.o
                0x0800ab90                vQueueAddToRegistry
 .text.vQueueWaitForMessageRestricted
                0x0800abe8       0x68 ./Middlewares/Third_Party/FreeRTOS/Source/queue.o
                0x0800abe8                vQueueWaitForMessageRestricted
 .text.xTaskCreateStatic
                0x0800ac50       0xc0 ./Middlewares/Third_Party/FreeRTOS/Source/tasks.o
                0x0800ac50                xTaskCreateStatic
 .text.xTaskCreate
                0x0800ad10       0x8a ./Middlewares/Third_Party/FreeRTOS/Source/tasks.o
                0x0800ad10                xTaskCreate
 *fill*         0x0800ad9a        0x2 
 .text.prvInitialiseNewTask
                0x0800ad9c      0x154 ./Middlewares/Third_Party/FreeRTOS/Source/tasks.o
 .text.prvAddNewTaskToReadyList
                0x0800aef0      0x108 ./Middlewares/Third_Party/FreeRTOS/Source/tasks.o
 .text.vTaskDelete
                0x0800aff8      0x13c ./Middlewares/Third_Party/FreeRTOS/Source/tasks.o
                0x0800aff8                vTaskDelete
 .text.vTaskDelayUntil
                0x0800b134      0x108 ./Middlewares/Third_Party/FreeRTOS/Source/tasks.o
                0x0800b134                vTaskDelayUntil
 .text.vTaskDelay
                0x0800b23c       0x74 ./Middlewares/Third_Party/FreeRTOS/Source/tasks.o
                0x0800b23c                vTaskDelay
 .text.vTaskStartScheduler
                0x0800b2b0       0xf8 ./Middlewares/Third_Party/FreeRTOS/Source/tasks.o
                0x0800b2b0                vTaskStartScheduler
 .text.vTaskSuspendAll
                0x0800b3a8       0x1c ./Middlewares/Third_Party/FreeRTOS/Source/tasks.o
                0x0800b3a8                vTaskSuspendAll
 .text.xTaskResumeAll
                0x0800b3c4      0x144 ./Middlewares/Third_Party/FreeRTOS/Source/tasks.o
                0x0800b3c4                xTaskResumeAll
 .text.xTaskGetTickCount
                0x0800b508       0x20 ./Middlewares/Third_Party/FreeRTOS/Source/tasks.o
                0x0800b508                xTaskGetTickCount
 .text.xTaskIncrementTick
                0x0800b528      0x1b4 ./Middlewares/Third_Party/FreeRTOS/Source/tasks.o
                0x0800b528                xTaskIncrementTick
 .text.vTaskSwitchContext
                0x0800b6dc      0x110 ./Middlewares/Third_Party/FreeRTOS/Source/tasks.o
                0x0800b6dc                vTaskSwitchContext
 .text.vTaskPlaceOnEventList
                0x0800b7ec       0x4c ./Middlewares/Third_Party/FreeRTOS/Source/tasks.o
                0x0800b7ec                vTaskPlaceOnEventList
 .text.vTaskPlaceOnEventListRestricted
                0x0800b838       0x6c ./Middlewares/Third_Party/FreeRTOS/Source/tasks.o
                0x0800b838                vTaskPlaceOnEventListRestricted
 .text.xTaskRemoveFromEventList
                0x0800b8a4       0xd0 ./Middlewares/Third_Party/FreeRTOS/Source/tasks.o
                0x0800b8a4                xTaskRemoveFromEventList
 .text.vTaskInternalSetTimeOutState
                0x0800b974       0x2c ./Middlewares/Third_Party/FreeRTOS/Source/tasks.o
                0x0800b974                vTaskInternalSetTimeOutState
 .text.xTaskCheckForTimeOut
                0x0800b9a0       0xc8 ./Middlewares/Third_Party/FreeRTOS/Source/tasks.o
                0x0800b9a0                xTaskCheckForTimeOut
 .text.vTaskMissedYield
                0x0800ba68       0x18 ./Middlewares/Third_Party/FreeRTOS/Source/tasks.o
                0x0800ba68                vTaskMissedYield
 .text.prvIdleTask
                0x0800ba80       0x30 ./Middlewares/Third_Party/FreeRTOS/Source/tasks.o
 .text.prvInitialiseTaskLists
                0x0800bab0       0x80 ./Middlewares/Third_Party/FreeRTOS/Source/tasks.o
 .text.prvCheckTasksWaitingTermination
                0x0800bb30       0x5c ./Middlewares/Third_Party/FreeRTOS/Source/tasks.o
 .text.prvDeleteTCB
                0x0800bb8c       0x6a ./Middlewares/Third_Party/FreeRTOS/Source/tasks.o
 *fill*         0x0800bbf6        0x2 
 .text.prvResetNextTaskUnblockTime
                0x0800bbf8       0x40 ./Middlewares/Third_Party/FreeRTOS/Source/tasks.o
 .text.xTaskGetSchedulerState
                0x0800bc38       0x3c ./Middlewares/Third_Party/FreeRTOS/Source/tasks.o
                0x0800bc38                xTaskGetSchedulerState
 .text.xTaskPriorityInherit
                0x0800bc74      0x104 ./Middlewares/Third_Party/FreeRTOS/Source/tasks.o
                0x0800bc74                xTaskPriorityInherit
 .text.xTaskPriorityDisinherit
                0x0800bd78      0x128 ./Middlewares/Third_Party/FreeRTOS/Source/tasks.o
                0x0800bd78                xTaskPriorityDisinherit
 .text.vTaskPriorityDisinheritAfterTimeout
                0x0800bea0      0x13c ./Middlewares/Third_Party/FreeRTOS/Source/tasks.o
                0x0800bea0                vTaskPriorityDisinheritAfterTimeout
 .text.pvTaskIncrementMutexHeldCount
                0x0800bfdc       0x28 ./Middlewares/Third_Party/FreeRTOS/Source/tasks.o
                0x0800bfdc                pvTaskIncrementMutexHeldCount
 .text.prvAddCurrentTaskToDelayedList
                0x0800c004       0xcc ./Middlewares/Third_Party/FreeRTOS/Source/tasks.o
 .text.xTimerCreateTimerTask
                0x0800c0d0       0x94 ./Middlewares/Third_Party/FreeRTOS/Source/timers.o
                0x0800c0d0                xTimerCreateTimerTask
 .text.xTimerGenericCommand
                0x0800c164       0x9c ./Middlewares/Third_Party/FreeRTOS/Source/timers.o
                0x0800c164                xTimerGenericCommand
 .text.prvProcessExpiredTimer
                0x0800c200       0x9c ./Middlewares/Third_Party/FreeRTOS/Source/timers.o
 .text.prvTimerTask
                0x0800c29c       0x26 ./Middlewares/Third_Party/FreeRTOS/Source/timers.o
 *fill*         0x0800c2c2        0x2 
 .text.prvProcessTimerOrBlockTask
                0x0800c2c4       0x9c ./Middlewares/Third_Party/FreeRTOS/Source/timers.o
 .text.prvGetNextExpireTime
                0x0800c360       0x48 ./Middlewares/Third_Party/FreeRTOS/Source/timers.o
 .text.prvSampleTimeNow
                0x0800c3a8       0x40 ./Middlewares/Third_Party/FreeRTOS/Source/timers.o
 .text.prvInsertTimerInActiveList
                0x0800c3e8       0x84 ./Middlewares/Third_Party/FreeRTOS/Source/timers.o
 .text.prvProcessReceivedCommands
                0x0800c46c      0x194 ./Middlewares/Third_Party/FreeRTOS/Source/timers.o
 .text.prvSwitchTimerLists
                0x0800c600       0xcc ./Middlewares/Third_Party/FreeRTOS/Source/timers.o
 .text.prvCheckForValidListAndQueue
                0x0800c6cc       0x80 ./Middlewares/Third_Party/FreeRTOS/Source/timers.o
 .text.pxPortInitialiseStack
                0x0800c74c       0x68 ./Middlewares/Third_Party/FreeRTOS/Source/portable/GCC/ARM_CM4F/port.o
                0x0800c74c                pxPortInitialiseStack
 .text.prvTaskExitError
                0x0800c7b4       0x5c ./Middlewares/Third_Party/FreeRTOS/Source/portable/GCC/ARM_CM4F/port.o
 .text.SVC_Handler
                0x0800c810       0x28 ./Middlewares/Third_Party/FreeRTOS/Source/portable/GCC/ARM_CM4F/port.o
                0x0800c810                SVC_Handler
 .text.prvPortStartFirstTask
                0x0800c838       0x28 ./Middlewares/Third_Party/FreeRTOS/Source/portable/GCC/ARM_CM4F/port.o
 .text.xPortStartScheduler
                0x0800c860      0x16c ./Middlewares/Third_Party/FreeRTOS/Source/portable/GCC/ARM_CM4F/port.o
                0x0800c860                xPortStartScheduler
 .text.vPortEnterCritical
                0x0800c9cc       0x64 ./Middlewares/Third_Party/FreeRTOS/Source/portable/GCC/ARM_CM4F/port.o
                0x0800c9cc                vPortEnterCritical
 .text.vPortExitCritical
                0x0800ca30       0x54 ./Middlewares/Third_Party/FreeRTOS/Source/portable/GCC/ARM_CM4F/port.o
                0x0800ca30                vPortExitCritical
 *fill*         0x0800ca84        0xc 
 .text.PendSV_Handler
                0x0800ca90       0x68 ./Middlewares/Third_Party/FreeRTOS/Source/portable/GCC/ARM_CM4F/port.o
                0x0800ca90                PendSV_Handler
 .text.SysTick_Handler
                0x0800caf8       0x44 ./Middlewares/Third_Party/FreeRTOS/Source/portable/GCC/ARM_CM4F/port.o
                0x0800caf8                SysTick_Handler
 .text.vPortSetupTimerInterrupt
                0x0800cb3c       0x48 ./Middlewares/Third_Party/FreeRTOS/Source/portable/GCC/ARM_CM4F/port.o
                0x0800cb3c                vPortSetupTimerInterrupt
 .text.vPortEnableVFP
                0x0800cb84       0x14 ./Middlewares/Third_Party/FreeRTOS/Source/portable/GCC/ARM_CM4F/port.o
 .text.vPortValidateInterruptPriority
                0x0800cb98       0x84 ./Middlewares/Third_Party/FreeRTOS/Source/portable/GCC/ARM_CM4F/port.o
                0x0800cb98                vPortValidateInterruptPriority
 .text.pvPortMalloc
                0x0800cc1c      0x1cc ./Middlewares/Third_Party/FreeRTOS/Source/portable/MemMang/heap_4.o
                0x0800cc1c                pvPortMalloc
 .text.vPortFree
                0x0800cde8       0xf4 ./Middlewares/Third_Party/FreeRTOS/Source/portable/MemMang/heap_4.o
                0x0800cde8                vPortFree
 .text.prvHeapInit
                0x0800cedc       0xc4 ./Middlewares/Third_Party/FreeRTOS/Source/portable/MemMang/heap_4.o
 .text.prvInsertBlockIntoFreeList
                0x0800cfa0       0xb4 ./Middlewares/Third_Party/FreeRTOS/Source/portable/MemMang/heap_4.o
 .text.xTraceStreamPortInitialize
                0x0800d054      0x178 ./Middlewares/Third_Party/TraceRecorder/streamports/RingBuffer/trcStreamPort.o
                0x0800d054                xTraceStreamPortInitialize
 .text.xTraceStreamPortOnTraceBegin
                0x0800d1cc       0x18 ./Middlewares/Third_Party/TraceRecorder/streamports/RingBuffer/trcStreamPort.o
                0x0800d1cc                xTraceStreamPortOnTraceBegin
 .text.xTraceCounterInitialize
                0x0800d1e4       0x38 ./Middlewares/Third_Party/TraceRecorder/trcCounter.o
                0x0800d1e4                xTraceCounterInitialize
 .text.xTraceDiagnosticsInitialize
                0x0800d21c       0x50 ./Middlewares/Third_Party/TraceRecorder/trcDiagnostics.o
                0x0800d21c                xTraceDiagnosticsInitialize
 .text.xTraceDiagnosticsAdd
                0x0800d26c       0x38 ./Middlewares/Third_Party/TraceRecorder/trcDiagnostics.o
                0x0800d26c                xTraceDiagnosticsAdd
 .text.xTraceDiagnosticsIncrease
                0x0800d2a4       0x1e ./Middlewares/Third_Party/TraceRecorder/trcDiagnostics.o
                0x0800d2a4                xTraceDiagnosticsIncrease
 *fill*         0x0800d2c2        0x2 
 .text.xTraceDiagnosticsSetIfHigher
                0x0800d2c4       0x3c ./Middlewares/Third_Party/TraceRecorder/trcDiagnostics.o
                0x0800d2c4                xTraceDiagnosticsSetIfHigher
 .text.xTraceDiagnosticsCheckStatus
                0x0800d300       0x84 ./Middlewares/Third_Party/TraceRecorder/trcDiagnostics.o
                0x0800d300                xTraceDiagnosticsCheckStatus
 .text.xTraceEntryIndexTableInitialize
                0x0800d384       0x20 ./Middlewares/Third_Party/TraceRecorder/trcEntryTable.o
                0x0800d384                xTraceEntryIndexTableInitialize
 .text.xTraceEntryTableInitialize
                0x0800d3a4       0xb4 ./Middlewares/Third_Party/TraceRecorder/trcEntryTable.o
                0x0800d3a4                xTraceEntryTableInitialize
 .text.xTraceEntryCreate
                0x0800d458       0xc0 ./Middlewares/Third_Party/TraceRecorder/trcEntryTable.o
                0x0800d458                xTraceEntryCreate
 .text.xTraceEntryDelete
                0x0800d518       0x90 ./Middlewares/Third_Party/TraceRecorder/trcEntryTable.o
                0x0800d518                xTraceEntryDelete
 .text.xTraceEntryFind
                0x0800d5a8       0x58 ./Middlewares/Third_Party/TraceRecorder/trcEntryTable.o
                0x0800d5a8                xTraceEntryFind
 .text.xTraceEntrySetSymbol
                0x0800d600       0x54 ./Middlewares/Third_Party/TraceRecorder/trcEntryTable.o
                0x0800d600                xTraceEntrySetSymbol
 .text.prvEntryIndexInitialize
                0x0800d654       0x44 ./Middlewares/Third_Party/TraceRecorder/trcEntryTable.o
 .text.prvEntryIndexTake
                0x0800d698       0x60 ./Middlewares/Third_Party/TraceRecorder/trcEntryTable.o
 .text.xTraceErrorInitialize
                0x0800d6f8       0x48 ./Middlewares/Third_Party/TraceRecorder/trcError.o
                0x0800d6f8                xTraceErrorInitialize
 .text.xTraceWarning
                0x0800d740       0x5c ./Middlewares/Third_Party/TraceRecorder/trcError.o
                0x0800d740                xTraceWarning
 .text.xTraceError
                0x0800d79c       0x7c ./Middlewares/Third_Party/TraceRecorder/trcError.o
                0x0800d79c                xTraceError
 .text.prvTraceErrorPrint
                0x0800d818       0x8c ./Middlewares/Third_Party/TraceRecorder/trcError.o
 .text.prvTraceErrorGetDescription
                0x0800d8a4      0x118 ./Middlewares/Third_Party/TraceRecorder/trcError.o
 .text.xTraceEventInitialize
                0x0800d9bc       0x50 ./Middlewares/Third_Party/TraceRecorder/trcEvent.o
                0x0800d9bc                xTraceEventInitialize
 .text.xTraceEventCreate1
                0x0800da0c      0x100 ./Middlewares/Third_Party/TraceRecorder/trcEvent.o
                0x0800da0c                xTraceEventCreate1
 .text.xTraceEventCreate2
                0x0800db0c      0x108 ./Middlewares/Third_Party/TraceRecorder/trcEvent.o
                0x0800db0c                xTraceEventCreate2
 .text.xTraceEventCreate3
                0x0800dc14      0x110 ./Middlewares/Third_Party/TraceRecorder/trcEvent.o
                0x0800dc14                xTraceEventCreate3
 .text.xTraceEventCreate4
                0x0800dd24      0x114 ./Middlewares/Third_Party/TraceRecorder/trcEvent.o
                0x0800dd24                xTraceEventCreate4
 .text.xTraceEventCreateDataOffline0
                0x0800de38      0x10c ./Middlewares/Third_Party/TraceRecorder/trcEvent.o
                0x0800de38                xTraceEventCreateDataOffline0
 .text.xTraceEventCreateData1
                0x0800df44      0x138 ./Middlewares/Third_Party/TraceRecorder/trcEvent.o
                0x0800df44                xTraceEventCreateData1
 .text.xTraceEventCreateData2
                0x0800e07c      0x140 ./Middlewares/Third_Party/TraceRecorder/trcEvent.o
                0x0800e07c                xTraceEventCreateData2
 .text.xTraceEventCreateData3
                0x0800e1bc      0x144 ./Middlewares/Third_Party/TraceRecorder/trcEvent.o
                0x0800e1bc                xTraceEventCreateData3
 .text.xTraceEventCreateData4
                0x0800e300      0x14c ./Middlewares/Third_Party/TraceRecorder/trcEvent.o
                0x0800e300                xTraceEventCreateData4
 .text.xTraceEventCreateData5
                0x0800e44c      0x150 ./Middlewares/Third_Party/TraceRecorder/trcEvent.o
                0x0800e44c                xTraceEventCreateData5
 .text.xTraceEventCreateData6
                0x0800e59c      0x158 ./Middlewares/Third_Party/TraceRecorder/trcEvent.o
                0x0800e59c                xTraceEventCreateData6
 .text.xTraceEventGetSize
                0x0800e6f4       0x2c ./Middlewares/Third_Party/TraceRecorder/trcEvent.o
                0x0800e6f4                xTraceEventGetSize
 .text.xTraceEventBufferInitialize
                0x0800e720       0x64 ./Middlewares/Third_Party/TraceRecorder/trcEventBuffer.o
                0x0800e720                xTraceEventBufferInitialize
 .text.prvTraceEventBufferAllocPop
                0x0800e784       0x60 ./Middlewares/Third_Party/TraceRecorder/trcEventBuffer.o
 .text.xTraceEventBufferAlloc
                0x0800e7e4      0x230 ./Middlewares/Third_Party/TraceRecorder/trcEventBuffer.o
                0x0800e7e4                xTraceEventBufferAlloc
 .text.xTraceEventBufferAllocCommit
                0x0800ea14       0x38 ./Middlewares/Third_Party/TraceRecorder/trcEventBuffer.o
                0x0800ea14                xTraceEventBufferAllocCommit
 .text.xTraceEventBufferClear
                0x0800ea4c       0x36 ./Middlewares/Third_Party/TraceRecorder/trcEventBuffer.o
                0x0800ea4c                xTraceEventBufferClear
 *fill*         0x0800ea82        0x2 
 .text.xTraceExtensionInitialize
                0x0800ea84       0x38 ./Middlewares/Third_Party/TraceRecorder/trcExtension.o
                0x0800ea84                xTraceExtensionInitialize
 .text.xTraceHardwarePortInitCortexM
                0x0800eabc       0x68 ./Middlewares/Third_Party/TraceRecorder/trcHardwarePort.o
                0x0800eabc                xTraceHardwarePortInitCortexM
 .text.xTraceHeapCreate
                0x0800eb24       0x40 ./Middlewares/Third_Party/TraceRecorder/trcHeap.o
                0x0800eb24                xTraceHeapCreate
 .text.xTraceHeapAlloc
                0x0800eb64       0x68 ./Middlewares/Third_Party/TraceRecorder/trcHeap.o
                0x0800eb64                xTraceHeapAlloc
 .text.xTraceHeapFree
                0x0800ebcc       0x50 ./Middlewares/Third_Party/TraceRecorder/trcHeap.o
                0x0800ebcc                xTraceHeapFree
 .text.xTraceISRInitialize
                0x0800ec1c       0x80 ./Middlewares/Third_Party/TraceRecorder/trcISR.o
                0x0800ec1c                xTraceISRInitialize
 .text.xTraceKernelPortInitialize
                0x0800ec9c       0x3c ./Middlewares/Third_Party/TraceRecorder/trcKernelPort.o
                0x0800ec9c                xTraceKernelPortInitialize
 .text.xTraceKernelPortEnable
                0x0800ecd8       0x88 ./Middlewares/Third_Party/TraceRecorder/trcKernelPort.o
                0x0800ecd8                xTraceKernelPortEnable
 .text.TzCtrl   0x0800ed60       0x16 ./Middlewares/Third_Party/TraceRecorder/trcKernelPort.o
 *fill*         0x0800ed76        0x2 
 .text.xTraceKernelPortGetSystemHeapHandle
                0x0800ed78       0x18 ./Middlewares/Third_Party/TraceRecorder/trcKernelPort.o
                0x0800ed78                xTraceKernelPortGetSystemHeapHandle
 .text.xTraceMultiCoreEventBufferInitialize
                0x0800ed90       0x70 ./Middlewares/Third_Party/TraceRecorder/trcMultiCoreEventBuffer.o
                0x0800ed90                xTraceMultiCoreEventBufferInitialize
 .text.xTraceMultiCoreEventBufferClear
                0x0800ee00       0x32 ./Middlewares/Third_Party/TraceRecorder/trcMultiCoreEventBuffer.o
                0x0800ee00                xTraceMultiCoreEventBufferClear
 *fill*         0x0800ee32        0x2 
 .text.xTraceObjectRegisterInternal
                0x0800ee34      0x164 ./Middlewares/Third_Party/TraceRecorder/trcObject.o
                0x0800ee34                xTraceObjectRegisterInternal
 .text.xTraceObjectUnregister
                0x0800ef98       0x6a ./Middlewares/Third_Party/TraceRecorder/trcObject.o
                0x0800ef98                xTraceObjectUnregister
 *fill*         0x0800f002        0x2 
 .text.xTraceObjectSetName
                0x0800f004       0x58 ./Middlewares/Third_Party/TraceRecorder/trcObject.o
                0x0800f004                xTraceObjectSetName
 .text.xTraceObjectRegisterWithoutHandle
                0x0800f05c       0x32 ./Middlewares/Third_Party/TraceRecorder/trcObject.o
                0x0800f05c                xTraceObjectRegisterWithoutHandle
 .text.xTraceObjectUnregisterWithoutHandle
                0x0800f08e       0x68 ./Middlewares/Third_Party/TraceRecorder/trcObject.o
                0x0800f08e                xTraceObjectUnregisterWithoutHandle
 .text.xTraceObjectSetNameWithoutHandle
                0x0800f0f6       0x84 ./Middlewares/Third_Party/TraceRecorder/trcObject.o
                0x0800f0f6                xTraceObjectSetNameWithoutHandle
 .text.prvTraceObjectSendNameEvent
                0x0800f17a       0x24 ./Middlewares/Third_Party/TraceRecorder/trcObject.o
                0x0800f17a                prvTraceObjectSendNameEvent
 *fill*         0x0800f19e        0x2 
 .text.xTracePrintInitialize
                0x0800f1a0       0x40 ./Middlewares/Third_Party/TraceRecorder/trcPrint.o
                0x0800f1a0                xTracePrintInitialize
 .text.xTracePrint
                0x0800f1e0       0x6c ./Middlewares/Third_Party/TraceRecorder/trcPrint.o
                0x0800f1e0                xTracePrint
 .text.xTracePrintF
                0x0800f24c       0x44 ./Middlewares/Third_Party/TraceRecorder/trcPrint.o
                0x0800f24c                xTracePrintF
 .text.xTraceVPrintF
                0x0800f290       0xa8 ./Middlewares/Third_Party/TraceRecorder/trcPrint.o
                0x0800f290                xTraceVPrintF
 .text.prvTraceVPrintF
                0x0800f338      0x1f0 ./Middlewares/Third_Party/TraceRecorder/trcPrint.o
 .text.xTraceStaticBufferInitialize
                0x0800f528       0x30 ./Middlewares/Third_Party/TraceRecorder/trcStaticBuffer.o
                0x0800f528                xTraceStaticBufferInitialize
 .text.xTraceInitialize
                0x0800f558      0x1a8 ./Middlewares/Third_Party/TraceRecorder/trcStreamingRecorder.o
                0x0800f558                xTraceInitialize
 .text.prvVerifySizeAlignment
                0x0800f700       0x24 ./Middlewares/Third_Party/TraceRecorder/trcStreamingRecorder.o
                0x0800f700                prvVerifySizeAlignment
 .text.xTraceHeaderInitialize
                0x0800f724      0x11c ./Middlewares/Third_Party/TraceRecorder/trcStreamingRecorder.o
                0x0800f724                xTraceHeaderInitialize
 .text.xTraceEnable
                0x0800f840       0xac ./Middlewares/Third_Party/TraceRecorder/trcStreamingRecorder.o
                0x0800f840                xTraceEnable
 .text.xTraceDisable
                0x0800f8ec        0xe ./Middlewares/Third_Party/TraceRecorder/trcStreamingRecorder.o
                0x0800f8ec                xTraceDisable
 *fill*         0x0800f8fa        0x2 
 .text.xTraceTzCtrl
                0x0800f8fc       0x80 ./Middlewares/Third_Party/TraceRecorder/trcStreamingRecorder.o
                0x0800f8fc                xTraceTzCtrl
 .text.prvIs64bit
                0x0800f97c       0x10 ./Middlewares/Third_Party/TraceRecorder/trcStreamingRecorder.o
 .text.prvSetRecorderEnabled
                0x0800f98c       0x98 ./Middlewares/Third_Party/TraceRecorder/trcStreamingRecorder.o
 .text.prvSetRecorderDisabled
                0x0800fa24       0x4c ./Middlewares/Third_Party/TraceRecorder/trcStreamingRecorder.o
 .text.prvTraceStoreStartEvent
                0x0800fa70       0x50 ./Middlewares/Third_Party/TraceRecorder/trcStreamingRecorder.o
 .text.prvIsValidCommand
                0x0800fac0       0x76 ./Middlewares/Third_Party/TraceRecorder/trcStreamingRecorder.o
 .text.prvProcessCommand
                0x0800fb36       0x2e ./Middlewares/Third_Party/TraceRecorder/trcStreamingRecorder.o
 .text.xTraceStringRegister
                0x0800fb64       0x70 ./Middlewares/Third_Party/TraceRecorder/trcString.o
                0x0800fb64                xTraceStringRegister
 .text.xTraceTaskInitialize
                0x0800fbd4       0x50 ./Middlewares/Third_Party/TraceRecorder/trcTask.o
                0x0800fbd4                xTraceTaskInitialize
 .text.xTraceTaskSwitch
                0x0800fc24       0xa0 ./Middlewares/Third_Party/TraceRecorder/trcTask.o
                0x0800fc24                xTraceTaskSwitch
 .text.xTraceTimestampInitialize
                0x0800fcc4       0x6c ./Middlewares/Third_Party/TraceRecorder/trcTimestamp.o
                0x0800fcc4                xTraceTimestampInitialize
 .text.malloc   0x0800fd30       0x10 C:/ST/STM32CubeIDE_1.13.2/STM32CubeIDE/plugins/com.st.stm32cube.ide.mcu.externaltools.gnu-tools-for-stm32.12.3.rel1.win32_1.0.100.202403111256/tools/bin/../lib/gcc/arm-none-eabi/12.3.1/../../../../arm-none-eabi/lib/thumb/v7e-m+fp/hard\libc_nano.a(libc_a-malloc.o)
                0x0800fd30                malloc
 .text.free     0x0800fd40       0x10 C:/ST/STM32CubeIDE_1.13.2/STM32CubeIDE/plugins/com.st.stm32cube.ide.mcu.externaltools.gnu-tools-for-stm32.12.3.rel1.win32_1.0.100.202403111256/tools/bin/../lib/gcc/arm-none-eabi/12.3.1/../../../../arm-none-eabi/lib/thumb/v7e-m+fp/hard\libc_nano.a(libc_a-malloc.o)
                0x0800fd40                free
 .text.sbrk_aligned
                0x0800fd50       0x44 C:/ST/STM32CubeIDE_1.13.2/STM32CubeIDE/plugins/com.st.stm32cube.ide.mcu.externaltools.gnu-tools-for-stm32.12.3.rel1.win32_1.0.100.202403111256/tools/bin/../lib/gcc/arm-none-eabi/12.3.1/../../../../arm-none-eabi/lib/thumb/v7e-m+fp/hard\libc_nano.a(libc_a-mallocr.o)
 .text._malloc_r
                0x0800fd94      0x100 C:/ST/STM32CubeIDE_1.13.2/STM32CubeIDE/plugins/com.st.stm32cube.ide.mcu.externaltools.gnu-tools-for-stm32.12.3.rel1.win32_1.0.100.202403111256/tools/bin/../lib/gcc/arm-none-eabi/12.3.1/../../../../arm-none-eabi/lib/thumb/v7e-m+fp/hard\libc_nano.a(libc_a-mallocr.o)
                0x0800fd94                _malloc_r
 .text.__malloc_lock
                0x0800fe94        0xc C:/ST/STM32CubeIDE_1.13.2/STM32CubeIDE/plugins/com.st.stm32cube.ide.mcu.externaltools.gnu-tools-for-stm32.12.3.rel1.win32_1.0.100.202403111256/tools/bin/../lib/gcc/arm-none-eabi/12.3.1/../../../../arm-none-eabi/lib/thumb/v7e-m+fp/hard\libc_nano.a(libc_a-mlock.o)
                0x0800fe94                __malloc_lock
 .text.__malloc_unlock
                0x0800fea0        0xc C:/ST/STM32CubeIDE_1.13.2/STM32CubeIDE/plugins/com.st.stm32cube.ide.mcu.externaltools.gnu-tools-for-stm32.12.3.rel1.win32_1.0.100.202403111256/tools/bin/../lib/gcc/arm-none-eabi/12.3.1/../../../../arm-none-eabi/lib/thumb/v7e-m+fp/hard\libc_nano.a(libc_a-mlock.o)
                0x0800fea0                __malloc_unlock
 .text.snprintf
                0x0800feac       0x68 C:/ST/STM32CubeIDE_1.13.2/STM32CubeIDE/plugins/com.st.stm32cube.ide.mcu.externaltools.gnu-tools-for-stm32.12.3.rel1.win32_1.0.100.202403111256/tools/bin/../lib/gcc/arm-none-eabi/12.3.1/../../../../arm-none-eabi/lib/thumb/v7e-m+fp/hard\libc_nano.a(libc_a-snprintf.o)
                0x0800feac                sniprintf
                0x0800feac                snprintf
 .text.sprintf  0x0800ff14       0x40 C:/ST/STM32CubeIDE_1.13.2/STM32CubeIDE/plugins/com.st.stm32cube.ide.mcu.externaltools.gnu-tools-for-stm32.12.3.rel1.win32_1.0.100.202403111256/tools/bin/../lib/gcc/arm-none-eabi/12.3.1/../../../../arm-none-eabi/lib/thumb/v7e-m+fp/hard\libc_nano.a(libc_a-sprintf.o)
                0x0800ff14                siprintf
                0x0800ff14                sprintf
 .text.memset   0x0800ff54       0x10 C:/ST/STM32CubeIDE_1.13.2/STM32CubeIDE/plugins/com.st.stm32cube.ide.mcu.externaltools.gnu-tools-for-stm32.12.3.rel1.win32_1.0.100.202403111256/tools/bin/../lib/gcc/arm-none-eabi/12.3.1/../../../../arm-none-eabi/lib/thumb/v7e-m+fp/hard\libc_nano.a(libc_a-memset.o)
                0x0800ff54                memset
 .text._reclaim_reent
                0x0800ff64       0xac C:/ST/STM32CubeIDE_1.13.2/STM32CubeIDE/plugins/com.st.stm32cube.ide.mcu.externaltools.gnu-tools-for-stm32.12.3.rel1.win32_1.0.100.202403111256/tools/bin/../lib/gcc/arm-none-eabi/12.3.1/../../../../arm-none-eabi/lib/thumb/v7e-m+fp/hard\libc_nano.a(libc_a-reent.o)
                0x0800ff64                _reclaim_reent
 .text._sbrk_r  0x08010010       0x20 C:/ST/STM32CubeIDE_1.13.2/STM32CubeIDE/plugins/com.st.stm32cube.ide.mcu.externaltools.gnu-tools-for-stm32.12.3.rel1.win32_1.0.100.202403111256/tools/bin/../lib/gcc/arm-none-eabi/12.3.1/../../../../arm-none-eabi/lib/thumb/v7e-m+fp/hard\libc_nano.a(libc_a-sbrkr.o)
                0x08010010                _sbrk_r
 .text.__errno  0x08010030        0xc C:/ST/STM32CubeIDE_1.13.2/STM32CubeIDE/plugins/com.st.stm32cube.ide.mcu.externaltools.gnu-tools-for-stm32.12.3.rel1.win32_1.0.100.202403111256/tools/bin/../lib/gcc/arm-none-eabi/12.3.1/../../../../arm-none-eabi/lib/thumb/v7e-m+fp/hard\libc_nano.a(libc_a-errno.o)
                0x08010030                __errno
 .text.__libc_init_array
                0x0801003c       0x48 C:/ST/STM32CubeIDE_1.13.2/STM32CubeIDE/plugins/com.st.stm32cube.ide.mcu.externaltools.gnu-tools-for-stm32.12.3.rel1.win32_1.0.100.202403111256/tools/bin/../lib/gcc/arm-none-eabi/12.3.1/../../../../arm-none-eabi/lib/thumb/v7e-m+fp/hard\libc_nano.a(libc_a-init.o)
                0x0801003c                __libc_init_array
 .text.__retarget_lock_acquire_recursive
                0x08010084        0x2 C:/ST/STM32CubeIDE_1.13.2/STM32CubeIDE/plugins/com.st.stm32cube.ide.mcu.externaltools.gnu-tools-for-stm32.12.3.rel1.win32_1.0.100.202403111256/tools/bin/../lib/gcc/arm-none-eabi/12.3.1/../../../../arm-none-eabi/lib/thumb/v7e-m+fp/hard\libc_nano.a(libc_a-lock.o)
                0x08010084                __retarget_lock_acquire_recursive
 .text.__retarget_lock_release_recursive
                0x08010086        0x2 C:/ST/STM32CubeIDE_1.13.2/STM32CubeIDE/plugins/com.st.stm32cube.ide.mcu.externaltools.gnu-tools-for-stm32.12.3.rel1.win32_1.0.100.202403111256/tools/bin/../lib/gcc/arm-none-eabi/12.3.1/../../../../arm-none-eabi/lib/thumb/v7e-m+fp/hard\libc_nano.a(libc_a-lock.o)
                0x08010086                __retarget_lock_release_recursive
 .text.strcpy   0x08010088       0x10 C:/ST/STM32CubeIDE_1.13.2/STM32CubeIDE/plugins/com.st.stm32cube.ide.mcu.externaltools.gnu-tools-for-stm32.12.3.rel1.win32_1.0.100.202403111256/tools/bin/../lib/gcc/arm-none-eabi/12.3.1/../../../../arm-none-eabi/lib/thumb/v7e-m+fp/hard\libc_nano.a(libc_a-strcpy.o)
                0x08010088                strcpy
 .text.memcpy   0x08010098       0x1c C:/ST/STM32CubeIDE_1.13.2/STM32CubeIDE/plugins/com.st.stm32cube.ide.mcu.externaltools.gnu-tools-for-stm32.12.3.rel1.win32_1.0.100.202403111256/tools/bin/../lib/gcc/arm-none-eabi/12.3.1/../../../../arm-none-eabi/lib/thumb/v7e-m+fp/hard\libc_nano.a(libc_a-memcpy-stub.o)
                0x08010098                memcpy
 .text._free_r  0x080100b4       0x94 C:/ST/STM32CubeIDE_1.13.2/STM32CubeIDE/plugins/com.st.stm32cube.ide.mcu.externaltools.gnu-tools-for-stm32.12.3.rel1.win32_1.0.100.202403111256/tools/bin/../lib/gcc/arm-none-eabi/12.3.1/../../../../arm-none-eabi/lib/thumb/v7e-m+fp/hard\libc_nano.a(libc_a-freer.o)
                0x080100b4                _free_r
 .text.__ssputs_r
                0x08010148       0xb6 C:/ST/STM32CubeIDE_1.13.2/STM32CubeIDE/plugins/com.st.stm32cube.ide.mcu.externaltools.gnu-tools-for-stm32.12.3.rel1.win32_1.0.100.202403111256/tools/bin/../lib/gcc/arm-none-eabi/12.3.1/../../../../arm-none-eabi/lib/thumb/v7e-m+fp/hard\libc_nano.a(libc_a-nano-svfprintf.o)
                0x08010148                __ssputs_r
 *fill*         0x080101fe        0x2 
 .text._svfprintf_r
                0x08010200      0x1f8 C:/ST/STM32CubeIDE_1.13.2/STM32CubeIDE/plugins/com.st.stm32cube.ide.mcu.externaltools.gnu-tools-for-stm32.12.3.rel1.win32_1.0.100.202403111256/tools/bin/../lib/gcc/arm-none-eabi/12.3.1/../../../../arm-none-eabi/lib/thumb/v7e-m+fp/hard\libc_nano.a(libc_a-nano-svfprintf.o)
                0x08010200                _svfiprintf_r
                0x08010200                _svfprintf_r
 .text._printf_common
                0x080103f8       0xda C:/ST/STM32CubeIDE_1.13.2/STM32CubeIDE/plugins/com.st.stm32cube.ide.mcu.externaltools.gnu-tools-for-stm32.12.3.rel1.win32_1.0.100.202403111256/tools/bin/../lib/gcc/arm-none-eabi/12.3.1/../../../../arm-none-eabi/lib/thumb/v7e-m+fp/hard\libc_nano.a(libc_a-nano-vfprintf_i.o)
                0x080103f8                _printf_common
 *fill*         0x080104d2        0x2 
 .text._printf_i
                0x080104d4      0x240 C:/ST/STM32CubeIDE_1.13.2/STM32CubeIDE/plugins/com.st.stm32cube.ide.mcu.externaltools.gnu-tools-for-stm32.12.3.rel1.win32_1.0.100.202403111256/tools/bin/../lib/gcc/arm-none-eabi/12.3.1/../../../../arm-none-eabi/lib/thumb/v7e-m+fp/hard\libc_nano.a(libc_a-nano-vfprintf_i.o)
                0x080104d4                _printf_i
 .text.memmove  0x08010714       0x34 C:/ST/STM32CubeIDE_1.13.2/STM32CubeIDE/plugins/com.st.stm32cube.ide.mcu.externaltools.gnu-tools-for-stm32.12.3.rel1.win32_1.0.100.202403111256/tools/bin/../lib/gcc/arm-none-eabi/12.3.1/../../../../arm-none-eabi/lib/thumb/v7e-m+fp/hard\libc_nano.a(libc_a-memmove.o)
                0x08010714                memmove
 .text._realloc_r
                0x08010748       0x5c C:/ST/STM32CubeIDE_1.13.2/STM32CubeIDE/plugins/com.st.stm32cube.ide.mcu.externaltools.gnu-tools-for-stm32.12.3.rel1.win32_1.0.100.202403111256/tools/bin/../lib/gcc/arm-none-eabi/12.3.1/../../../../arm-none-eabi/lib/thumb/v7e-m+fp/hard\libc_nano.a(libc_a-reallocr.o)
                0x08010748                _realloc_r
 .text._malloc_usable_size_r
                0x080107a4       0x10 C:/ST/STM32CubeIDE_1.13.2/STM32CubeIDE/plugins/com.st.stm32cube.ide.mcu.externaltools.gnu-tools-for-stm32.12.3.rel1.win32_1.0.100.202403111256/tools/bin/../lib/gcc/arm-none-eabi/12.3.1/../../../../arm-none-eabi/lib/thumb/v7e-m+fp/hard\libc_nano.a(libc_a-msizer.o)
                0x080107a4                _malloc_usable_size_r
 *(.glue_7)
 .glue_7        0x080107b4        0x0 linker stubs
 *(.glue_7t)
 .glue_7t       0x080107b4        0x0 linker stubs
 *(.eh_frame)
 .eh_frame      0x080107b4        0x0 C:/ST/STM32CubeIDE_1.13.2/STM32CubeIDE/plugins/com.st.stm32cube.ide.mcu.externaltools.gnu-tools-for-stm32.12.3.rel1.win32_1.0.100.202403111256/tools/bin/../lib/gcc/arm-none-eabi/12.3.1/thumb/v7e-m+fp/hard/crtbegin.o
 *(.init)
 .init          0x080107b4        0x4 C:/ST/STM32CubeIDE_1.13.2/STM32CubeIDE/plugins/com.st.stm32cube.ide.mcu.externaltools.gnu-tools-for-stm32.12.3.rel1.win32_1.0.100.202403111256/tools/bin/../lib/gcc/arm-none-eabi/12.3.1/thumb/v7e-m+fp/hard/crti.o
                0x080107b4                _init
 .init          0x080107b8        0x8 C:/ST/STM32CubeIDE_1.13.2/STM32CubeIDE/plugins/com.st.stm32cube.ide.mcu.externaltools.gnu-tools-for-stm32.12.3.rel1.win32_1.0.100.202403111256/tools/bin/../lib/gcc/arm-none-eabi/12.3.1/thumb/v7e-m+fp/hard/crtn.o
 *(.fini)
 .fini          0x080107c0        0x4 C:/ST/STM32CubeIDE_1.13.2/STM32CubeIDE/plugins/com.st.stm32cube.ide.mcu.externaltools.gnu-tools-for-stm32.12.3.rel1.win32_1.0.100.202403111256/tools/bin/../lib/gcc/arm-none-eabi/12.3.1/thumb/v7e-m+fp/hard/crti.o
                0x080107c0                _fini
 .fini          0x080107c4        0x8 C:/ST/STM32CubeIDE_1.13.2/STM32CubeIDE/plugins/com.st.stm32cube.ide.mcu.externaltools.gnu-tools-for-stm32.12.3.rel1.win32_1.0.100.202403111256/tools/bin/../lib/gcc/arm-none-eabi/12.3.1/thumb/v7e-m+fp/hard/crtn.o
                0x080107cc                        . = ALIGN (0x4)
                0x080107cc                        _etext = .

.vfp11_veneer   0x080107cc        0x0
 .vfp11_veneer  0x080107cc        0x0 linker stubs

.v4_bx          0x080107cc        0x0
 .v4_bx         0x080107cc        0x0 linker stubs

.iplt           0x080107cc        0x0
 .iplt          0x080107cc        0x0 C:/ST/STM32CubeIDE_1.13.2/STM32CubeIDE/plugins/com.st.stm32cube.ide.mcu.externaltools.gnu-tools-for-stm32.12.3.rel1.win32_1.0.100.202403111256/tools/bin/../lib/gcc/arm-none-eabi/12.3.1/thumb/v7e-m+fp/hard/crtbegin.o

.rodata         0x080107cc      0xa08
                0x080107cc                        . = ALIGN (0x4)
 *(.rodata)
 .rodata        0x080107cc       0x68 ./Core/Src/GNSS/GNSSCom.o
 .rodata        0x08010834      0x10d ./Core/Src/GNSS/traductor.o
 *fill*         0x08010941        0x3 
 .rodata        0x08010944       0x27 ./Core/Src/LORA/LORACom.o
 *fill*         0x0801096b        0x1 
 .rodata        0x0801096c       0x5d ./Core/Src/LORA/RFM9x.o
 *fill*         0x080109c9        0x3 
 .rodata        0x080109cc       0x15 ./Core/Src/RTOS_subfunctions/debug.o
 *fill*         0x080109e1        0x3 
 .rodata        0x080109e4       0xea ./Core/Src/RTOS_subfunctions/fakeuseSD.o
 *fill*         0x08010ace        0x2 
 .rodata        0x08010ad0       0xd5 ./Core/Src/RTOS_subfunctions/matcher.o
 *fill*         0x08010ba5        0x3 
 .rodata        0x08010ba8       0xcc ./Core/Src/RTOS_subfunctions/receivedLora.o
 .rodata        0x08010c74       0xc8 ./Core/Src/RTOS_subfunctions/uartbyteToGnssMessage.o
 .rodata        0x08010d3c      0x19f ./Core/Src/freertos.o
 *fill*         0x08010edb        0x1 
 .rodata        0x08010edc       0x2e ./Core/Src/usart.o
 *fill*         0x08010f0a        0x2 
 .rodata        0x08010f0c        0x1 ./Middlewares/Third_Party/FreeRTOS/Source/queue.o
 *fill*         0x08010f0d        0x3 
 .rodata        0x08010f10       0x30 ./Middlewares/Third_Party/FreeRTOS/Source/tasks.o
 .rodata        0x08010f40        0xd ./Middlewares/Third_Party/FreeRTOS/Source/timers.o
 *fill*         0x08010f4d        0x3 
 .rodata        0x08010f50        0x1 ./Middlewares/Third_Party/TraceRecorder/trcEntryTable.o
 *fill*         0x08010f51        0x3 
 .rodata        0x08010f54      0x1c4 ./Middlewares/Third_Party/TraceRecorder/trcError.o
 .rodata        0x08011118       0x13 ./Middlewares/Third_Party/TraceRecorder/trcKernelPort.o
 *fill*         0x0801112b        0x1 
 .rodata        0x0801112c        0x1 ./Middlewares/Third_Party/TraceRecorder/trcObject.o
 *fill*         0x0801112d        0x3 
 .rodata        0x08011130       0x1c ./Middlewares/Third_Party/TraceRecorder/trcPrint.o
 .rodata        0x0801114c        0x9 ./Middlewares/Third_Party/TraceRecorder/trcStreamingRecorder.o
 *(.rodata*)
 *fill*         0x08011155        0x3 
 .rodata.AHBPrescTable
                0x08011158       0x10 ./Core/Src/system_stm32l4xx.o
                0x08011158                AHBPrescTable
 .rodata.APBPrescTable
                0x08011168        0x8 ./Core/Src/system_stm32l4xx.o
                0x08011168                APBPrescTable
 .rodata.MSIRangeTable
                0x08011170       0x30 ./Core/Src/system_stm32l4xx.o
                0x08011170                MSIRangeTable
 .rodata._svfprintf_r.str1.1
                0x080111a0       0x11 C:/ST/STM32CubeIDE_1.13.2/STM32CubeIDE/plugins/com.st.stm32cube.ide.mcu.externaltools.gnu-tools-for-stm32.12.3.rel1.win32_1.0.100.202403111256/tools/bin/../lib/gcc/arm-none-eabi/12.3.1/../../../../arm-none-eabi/lib/thumb/v7e-m+fp/hard\libc_nano.a(libc_a-nano-svfprintf.o)
 .rodata._printf_i.str1.1
                0x080111b1       0x22 C:/ST/STM32CubeIDE_1.13.2/STM32CubeIDE/plugins/com.st.stm32cube.ide.mcu.externaltools.gnu-tools-for-stm32.12.3.rel1.win32_1.0.100.202403111256/tools/bin/../lib/gcc/arm-none-eabi/12.3.1/../../../../arm-none-eabi/lib/thumb/v7e-m+fp/hard\libc_nano.a(libc_a-nano-vfprintf_i.o)
                0x080111d4                        . = ALIGN (0x4)
 *fill*         0x080111d3        0x1 

.ARM.extab      0x080111d4        0x0
                0x080111d4                        . = ALIGN (0x4)
 *(.ARM.extab* .gnu.linkonce.armextab.*)
                0x080111d4                        . = ALIGN (0x4)

.ARM            0x080111d4        0x8
                0x080111d4                        . = ALIGN (0x4)
                0x080111d4                        __exidx_start = .
 *(.ARM.exidx*)
 .ARM.exidx     0x080111d4        0x8 C:/ST/STM32CubeIDE_1.13.2/STM32CubeIDE/plugins/com.st.stm32cube.ide.mcu.externaltools.gnu-tools-for-stm32.12.3.rel1.win32_1.0.100.202403111256/tools/bin/../lib/gcc/arm-none-eabi/12.3.1/../../../../arm-none-eabi/lib/thumb/v7e-m+fp/hard\libc_nano.a(libc_a-strlen.o)
 .ARM.exidx     0x080111dc        0x0 C:/ST/STM32CubeIDE_1.13.2/STM32CubeIDE/plugins/com.st.stm32cube.ide.mcu.externaltools.gnu-tools-for-stm32.12.3.rel1.win32_1.0.100.202403111256/tools/bin/../lib/gcc/arm-none-eabi/12.3.1/../../../../arm-none-eabi/lib/thumb/v7e-m+fp/hard\libc_nano.a(libc_a-memchr.o)
                                  0x8 (size before relaxing)
 .ARM.exidx     0x080111dc        0x0 C:/ST/STM32CubeIDE_1.13.2/STM32CubeIDE/plugins/com.st.stm32cube.ide.mcu.externaltools.gnu-tools-for-stm32.12.3.rel1.win32_1.0.100.202403111256/tools/bin/../lib/gcc/arm-none-eabi/12.3.1/thumb/v7e-m+fp/hard\libgcc.a(_udivmoddi4.o)
                                  0x8 (size before relaxing)
                0x080111dc                        __exidx_end = .
                0x080111dc                        . = ALIGN (0x4)

.rel.dyn        0x080111dc        0x0
 .rel.iplt      0x080111dc        0x0 C:/ST/STM32CubeIDE_1.13.2/STM32CubeIDE/plugins/com.st.stm32cube.ide.mcu.externaltools.gnu-tools-for-stm32.12.3.rel1.win32_1.0.100.202403111256/tools/bin/../lib/gcc/arm-none-eabi/12.3.1/thumb/v7e-m+fp/hard/crtbegin.o

.preinit_array  0x080111dc        0x0
                0x080111dc                        . = ALIGN (0x4)
                0x080111dc                        PROVIDE (__preinit_array_start = .)
 *(.preinit_array*)
                0x080111dc                        PROVIDE (__preinit_array_end = .)
                0x080111dc                        . = ALIGN (0x4)

.init_array     0x080111dc        0x4
                0x080111dc                        . = ALIGN (0x4)
                0x080111dc                        PROVIDE (__init_array_start = .)
 *(SORT_BY_NAME(.init_array.*))
 *(.init_array*)
 .init_array    0x080111dc        0x4 C:/ST/STM32CubeIDE_1.13.2/STM32CubeIDE/plugins/com.st.stm32cube.ide.mcu.externaltools.gnu-tools-for-stm32.12.3.rel1.win32_1.0.100.202403111256/tools/bin/../lib/gcc/arm-none-eabi/12.3.1/thumb/v7e-m+fp/hard/crtbegin.o
                0x080111e0                        PROVIDE (__init_array_end = .)
                0x080111e0                        . = ALIGN (0x4)
