../Core/Src/LORA/RFM9x.c:22:6:RFM9x_Init	16	static
../Core/Src/LORA/RFM9x.c:90:6:RFM9x_Send	24	static
../Core/Src/LORA/RFM9x.c:120:6:waitPacketSent	4	static
../Core/Src/LORA/RFM9x.c:124:6:setModeIdle	8	static
../Core/Src/LORA/RFM9x.c:145:6:RFM9x_Receive	88	static
../Core/Src/LORA/RFM9x.c:203:6:RFM9x_SetMode_Receive	8	static
../Core/Src/LORA/RFM9x.c:211:9:RFM9x_GetMode	16	static
../Core/Src/LORA/RFM9x.c:217:6:RFM9x_ClearInt	8	static
../Core/Src/LORA/RFM9x.c:223:9:RFM9x_ReadReg	48	static
../Core/Src/LORA/RFM9x.c:261:6:RFM9x_WriteReg	24	static
../Core/Src/LORA/RFM9x.c:293:6:Delay_ms	24	static
../Core/Src/LORA/RFM9x.c:309:6:RF_TestSpi	16	static
../Core/Src/LORA/RFM9x.c:327:6:print1	80	static
../Core/Src/LORA/RFM9x.c:332:6:print	80	static
